<html>
<body>
<pre>
<h1>µVision Build Log</h1>
<h2>Tool Versions:</h2>
IDE-Version: µVision V5.25.2.0
Copyright (C) 2018 ARM Ltd and ARM Germany GmbH. All rights reserved.
License Information: oo nokia424656153@live.com, hh, LIC=IC93N-YG8RI-ZETH2-9UTDH-14VU7-9ESRL
 
Tool Versions:
Toolchain:       MDK-ARM Professional  Version: 5.25.2.0
Toolchain Path:  C:\Keil_v5\ARM\ARMCC\Bin
C Compiler:      Armcc.exe V5.06 update 6 (build 750)
Assembler:       Armasm.exe V5.06 update 6 (build 750)
Linker/Locator:  ArmLink.exe V5.06 update 6 (build 750)
Library Manager: ArmAr.exe V5.06 update 6 (build 750)
Hex Converter:   FromElf.exe V5.06 update 6 (build 750)
CPU DLL:         
Dialog DLL:      
Target DLL:      Segger\JL2CM3.dll V2.99.29.0
Dialog DLL:      TCM.DLL V1.35.1.0
 
<h2>Project:</h2>
C:\Users\nokia\Documents\GitHub\Yang-Su\ECCless\BLE_project\nRF5_SDK_15.3.0_59ac345\examples\BCH\BCH255_63_30\pca10040\blank\arm5_no_packs\blinky_pca10040.uvprojx
Project File Date:  06/23/2022

<h2>Output:</h2>
*** Using Compiler 'V5.06 update 6 (build 750)', folder: 'C:\Keil_v5\ARM\ARMCC\Bin'
Build target 'nrf52832_xxaa'
compiling app_error.c...
compiling app_util_platform.c...
compiling boards.c...
compiling app_error_weak.c...
compiling app_error_handler_keil.c...
compiling main.c...
..\..\..\functions.h(90): warning:  #68-D: integer conversion resulted in a change of sign
      const char index_of[128] ={-1,0,1,231,2,207,232,59,3,35,208,154,233,20,60,183,4,159,36,66,209,118,155,251,234,245,21,11,61,130,184,146,5,122,160,79,37,113,67,106,210,224,119,221,156,242,252,32,235,213,246,135,
..\..\..\functions.h(86): warning:  #550-D: variable "root"  was set but never used
      static int             root[30], loc[30], err[30], reg[30];
..\..\..\functions.h(86): warning:  #177-D: variable "err"  was declared but never referenced
      static int             root[30], loc[30], err[30], reg[30];
..\..\..\main.c: 3 warnings, 0 errors
compiling nrfx_atomic.c...
compiling nrf_assert.c...
compiling nrf_fprintf.c...
compiling nrf_balloc.c...
compiling nrf_atomic.c...
compiling nrf_fprintf_format.c...
compiling nrf_memobj.c...
compiling nrf_ringbuf.c...
assembling arm_startup_nrf52.s...
compiling nrf_strerror.c...
compiling nrf_log_frontend.c...
compiling nrf_log_str_formatter.c...
compiling system_nrf52.c...
linking...
Program Size: Code=2600 RO-data=128768 RW-data=4 ZI-data=43476  
FromELF: creating hex file...
".\_build\nrf52832_xxaa.axf" - 0 Error(s), 3 Warning(s).

<h2>Software Packages used:</h2>

Package Vendor: ARM
                http://www.keil.com/pack/ARM.CMSIS.4.5.0.pack
                ARM.CMSIS.4.5.0
                CMSIS (Cortex Microcontroller Software Interface Standard)
   * Component: CORE Version: 4.3.0

Package Vendor: NordicSemiconductor
                http://developer.nordicsemi.com/nRF5_SDK/pieces/nRF_DeviceFamilyPack/NordicSemiconductor.nRF_DeviceFamilyPack.8.24.1.pack
                NordicSemiconductor.nRF_DeviceFamilyPack.8.24.1
                Nordic Semiconductor nRF ARM devices Device Family Pack.
   * Component: Startup Version: 8.24.1

<h2>Collection of Component include folders:</h2>
  .\RTE\_nrf52832_xxaa
  C:\Keil_v5\ARM\PACK\ARM\CMSIS\4.5.0\CMSIS\Include
  C:\Keil_v5\ARM\PACK\NordicSemiconductor\nRF_DeviceFamilyPack\8.24.1\Device\Include

<h2>Collection of Component Files used:</h2>

   * Component: ARM::CMSIS:CORE:4.3.0

   * Component: NordicSemiconductor::Device:Startup:8.24.1
      Source file:   Device\Source\system_nrf52.c
      Include file:  Device\Include\system_nrf52.h
      Source file:   Device\Source\arm\arm_startup_nrf52.s
Build Time Elapsed:  00:00:09
</pre>
</body>
</html>
