<html>
<body>
<pre>
<h1>µVision Build Log</h1>
<h2>Tool Versions:</h2>
IDE-Version: ÂµVision V5.18.0.0
Copyright (C) 2016 ARM Ltd and ARM Germany GmbH. All rights reserved.
License Information: Y S, Personal, LIC=32BTG-V40NT-PBHEG-VNCQD-2GW9W-FA728
 
Tool Versions:
Toolchain:       MDK-ARM Standard  Version: 5.18
Toolchain Path:  C:\Keil_v5\ARM\ARMCC\Bin
C Compiler:      Armcc.exe V5.06 update 1 (build 61)
Assembler:       Armasm.exe V5.06 update 1 (build 61)
Linker/Locator:  ArmLink.exe V5.06 update 1 (build 61)
Library Manager: ArmAr.exe V5.06 update 1 (build 61)
Hex Converter:   FromElf.exe V5.06 update 1 (build 61)
CPU DLL:         
Dialog DLL:      
Target DLL:      Segger\JL2CM3.dll V2.99.18.0
Dialog DLL:      TCM.DLL V1.14.8.0
 
<h2>Project:</h2>
C:\Users\nokia\Documents\GitHub\Yang-Su\ECCless\BLE_project\nRF5_SDK_15.3.0_59ac345\examples\BCH\BCH1271527\pca10040\blank\arm5_no_packs\blinky_pca10040.uvprojx
Project File Date:  11/25/2019

<h2>Output:</h2>
*** Using Compiler 'V5.06 update 1 (build 61)', folder: 'C:\Keil_v5\ARM\ARMCC\Bin'
Build target 'nrf52832_xxaa'
compiling nrfx_atomic.c...
compiling boards.c...
compiling main.c...
..\..\..\functions.h(93): warning:  #68-D: integer conversion resulted in a change of sign
      const char index_of[64] ={-1,0,1,7,2,14,8,56,3,63,15,31,9,90,57,21,4,28,64,67,16,112,32,97,10,108,91,70,58,38,22,47,5,54,29,19,65,95,68,45,17,43,113,115,33,77,98,117,11,87,109,35,92,74,71,79,59,104,39,100,23
..\..\..\functions.h(89): warning:  #550-D: variable "root" was set but never used
      static int             root[27], loc[27], err[27], reg[27];
..\..\..\functions.h(89): warning:  #177-D: variable "err" was declared but never referenced
      static int             root[27], loc[27], err[27], reg[27];
..\..\..\main.c: 3 warnings, 0 errors
compiling app_error.c...
compiling app_error_handler_keil.c...
compiling app_error_weak.c...
compiling app_util_platform.c...
compiling nrf_assert.c...
compiling nrf_atomic.c...
compiling nrf_fprintf.c...
compiling nrf_balloc.c...
compiling nrf_fprintf_format.c...
compiling nrf_strerror.c...
compiling nrf_ringbuf.c...
compiling nrf_memobj.c...
assembling arm_startup_nrf52.s...
compiling nrf_log_frontend.c...
compiling system_nrf52.c...
compiling nrf_log_str_formatter.c...
linking...
Program Size: Code=2848 RO-data=676 RW-data=4 ZI-data=24484  
FromELF: creating hex file...
".\_build\nrf52832_xxaa.axf" - 0 Error(s), 3 Warning(s).

<h2>Software Packages used:</h2>

Package Vendor: ARM
                http://www.keil.com/pack/ARM.CMSIS.4.5.0.pack
                ARM::CMSIS:CORE:4.3.0
                CMSIS (Cortex Microcontroller Software Interface Standard)
   * Component: CORE Version: 4.3.0

Package Vendor: NordicSemiconductor
                http://developer.nordicsemi.com/nRF5_SDK/pieces/nRF_DeviceFamilyPack/NordicSemiconductor.nRF_DeviceFamilyPack.8.24.1.pack
                NordicSemiconductor::Device:Startup:8.24.1
                Nordic Semiconductor nRF ARM devices Device Family Pack.
   * Component: Startup Version: 8.24.1

<h2>Collection of Component include folders:</h2>
  C:\Users\nokia\Documents\GitHub\Yang-Su\ECCless\BLE_project\nRF5_SDK_15.3.0_59ac345\examples\BCH\BCH1271527\pca10040\blank\arm5_no_packs\RTE
  C:\Keil_v5\ARM\PACK\ARM\CMSIS\4.5.0\CMSIS\Include
  C:\Keil_v5\ARM\PACK\NordicSemiconductor\nRF_DeviceFamilyPack\8.24.1\Device\Include

<h2>Collection of Component Files used:</h2>

   * Component: ARM::CMSIS:CORE:4.3.0

   * Component: NordicSemiconductor::Device:Startup:8.24.1
      Include file:  Device\Include\system_nrf52.h
      Source file:   Device\Source\arm\arm_startup_nrf52.s
      Source file:   Device\Source\system_nrf52.c
Build Time Elapsed:  00:00:16
</pre>
</body>
</html>
