Component: ARM Compiler 5.06 update 6 (build 750) Tool: armlink [4d35ed]

==============================================================================

Section Cross References

    main.o(i.advertising_init) refers to memseta.o(.text) for __aeabi_memclr4
    main.o(i.advertising_init) refers to ble_advertising.o(i.ble_advertising_init) for ble_advertising_init
    main.o(i.advertising_init) refers to app_error_handler_keil.o(.emb_text) for app_error_handler
    main.o(i.advertising_init) refers to ble_advertising.o(i.ble_advertising_conn_cfg_tag_set) for ble_advertising_conn_cfg_tag_set
    main.o(i.advertising_init) refers to main.o(.data) for m_adv_uuids
    main.o(i.advertising_init) refers to main.o(i.on_adv_evt) for on_adv_evt
    main.o(i.advertising_init) refers to main.o(.bss) for m_advertising
    main.o(i.advertising_start) refers to main.o(i.delete_bonds) for delete_bonds
    main.o(i.advertising_start) refers to ble_advertising.o(i.ble_advertising_start) for ble_advertising_start
    main.o(i.advertising_start) refers to app_error_handler_keil.o(.emb_text) for app_error_handler
    main.o(i.advertising_start) refers to main.o(.bss) for m_advertising
    main.o(i.assert_nrf_callback) refers to app_error_handler_keil.o(.emb_text) for app_error_handler
    main.o(i.ble_evt_handler) refers to nrf_log_frontend.o(i.nrf_log_frontend_std_0) for nrf_log_frontend_std_0
    main.o(i.ble_evt_handler) refers to bsp.o(i.bsp_indication_set) for bsp_indication_set
    main.o(i.ble_evt_handler) refers to app_error_handler_keil.o(.emb_text) for app_error_handler
    main.o(i.ble_evt_handler) refers to nrf_ble_qwr.o(i.nrf_ble_qwr_conn_handle_assign) for nrf_ble_qwr_conn_handle_assign
    main.o(i.ble_evt_handler) refers to nrf_log_frontend.o(log_dynamic_data) for m_nrf_log_app_logs_data_dynamic
    main.o(i.ble_evt_handler) refers to main.o(.data) for m_conn_handle
    main.o(i.ble_evt_handler) refers to main.o(.bss) for m_qwr
    main.o(i.ble_stack_init) refers to nrf_sdh.o(i.nrf_sdh_enable_request) for nrf_sdh_enable_request
    main.o(i.ble_stack_init) refers to app_error_handler_keil.o(.emb_text) for app_error_handler
    main.o(i.ble_stack_init) refers to nrf_sdh_ble.o(i.nrf_sdh_ble_default_cfg_set) for nrf_sdh_ble_default_cfg_set
    main.o(i.ble_stack_init) refers to nrf_sdh_ble.o(i.nrf_sdh_ble_enable) for nrf_sdh_ble_enable
    main.o(i.bsp_event_handler) refers to main.o(i.sleep_mode_enter) for sleep_mode_enter
    main.o(i.bsp_event_handler) refers to app_error_handler_keil.o(.emb_text) for app_error_handler
    main.o(i.bsp_event_handler) refers to ble_advertising.o(i.ble_advertising_restart_without_whitelist) for ble_advertising_restart_without_whitelist
    main.o(i.bsp_event_handler) refers to main.o(.data) for m_conn_handle
    main.o(i.bsp_event_handler) refers to main.o(.bss) for m_advertising
    main.o(i.buttons_leds_init) refers to bsp.o(i.bsp_init) for bsp_init
    main.o(i.buttons_leds_init) refers to app_error_handler_keil.o(.emb_text) for app_error_handler
    main.o(i.buttons_leds_init) refers to bsp_btn_ble.o(i.bsp_btn_ble_init) for bsp_btn_ble_init
    main.o(i.buttons_leds_init) refers to main.o(i.bsp_event_handler) for bsp_event_handler
    main.o(i.conn_params_error_handler) refers to app_error_handler_keil.o(.emb_text) for app_error_handler
    main.o(i.conn_params_init) refers to memseta.o(.text) for __aeabi_memclr4
    main.o(i.conn_params_init) refers to ble_conn_params.o(i.ble_conn_params_init) for ble_conn_params_init
    main.o(i.conn_params_init) refers to app_error_handler_keil.o(.emb_text) for app_error_handler
    main.o(i.conn_params_init) refers to main.o(i.on_conn_params_evt) for on_conn_params_evt
    main.o(i.conn_params_init) refers to main.o(i.conn_params_error_handler) for conn_params_error_handler
    main.o(i.delete_bonds) refers to nrf_log_frontend.o(i.nrf_log_frontend_std_0) for nrf_log_frontend_std_0
    main.o(i.delete_bonds) refers to peer_manager.o(i.pm_peers_delete) for pm_peers_delete
    main.o(i.delete_bonds) refers to app_error_handler_keil.o(.emb_text) for app_error_handler
    main.o(i.delete_bonds) refers to nrf_log_frontend.o(log_dynamic_data) for m_nrf_log_app_logs_data_dynamic
    main.o(i.gap_params_init) refers to app_error_handler_keil.o(.emb_text) for app_error_handler
    main.o(i.gatt_init) refers to nrf_ble_gatt.o(i.nrf_ble_gatt_init) for nrf_ble_gatt_init
    main.o(i.gatt_init) refers to app_error_handler_keil.o(.emb_text) for app_error_handler
    main.o(i.gatt_init) refers to main.o(.bss) for m_gatt
    main.o(i.idle_state_handle) refers to nrf_log_frontend.o(i.nrf_log_frontend_dequeue) for nrf_log_frontend_dequeue
    main.o(i.idle_state_handle) refers to nrf_pwr_mgmt.o(i.nrf_pwr_mgmt_run) for nrf_pwr_mgmt_run
    main.o(i.log_init) refers to nrf_log_frontend.o(i.nrf_log_init) for nrf_log_init
    main.o(i.log_init) refers to app_error_handler_keil.o(.emb_text) for app_error_handler
[...]
    0x0002824c   0x0002824c   0x0000002c   Code   RO         1205    i.ble_conn_state_role  ble_conn_state.o
    0x00028278   0x00028278   0x0000001c   Code   RO         1207    i.ble_conn_state_user_flag_acquire  ble_conn_state.o
    0x00028294   0x00028294   0x0000002c   Code   RO         1208    i.ble_conn_state_user_flag_get  ble_conn_state.o
    0x000282c0   0x000282c0   0x0000003c   Code   RO         1209    i.ble_conn_state_user_flag_set  ble_conn_state.o
    0x000282fc   0x000282fc   0x0000001c   Code   RO         1210    i.ble_conn_state_valid  ble_conn_state.o
    0x00028318   0x00028318   0x00000076   Code   RO          821    i.ble_device_addr_encode  ble_advdata.o
    0x0002838e   0x0002838e   0x00000002   PAD
    0x00028390   0x00028390   0x0000013c   Code   RO            8    i.ble_evt_handler   main.o
    0x000284cc   0x000284cc   0x00000078   Code   RO          758    i.ble_evt_handler   bsp_btn_ble.o
    0x00028544   0x00028544   0x00000040   Code   RO         1099    i.ble_evt_handler   ble_conn_params.o
    0x00028584   0x00028584   0x000000f4   Code   RO         1211    i.ble_evt_handler   ble_conn_state.o
    0x00028678   0x00028678   0x0000002c   Code   RO         2496    i.ble_evt_handler   peer_manager.o
    0x000286a4   0x000286a4   0x00000012   Code   RO         1378    i.ble_srv_is_notification_enabled  ble_srv_common.o
    0x000286b6   0x000286b6   0x00000002   PAD
    0x000286b8   0x000286b8   0x00000078   Code   RO            9    i.ble_stack_init    main.o
    0x00028730   0x00028730   0x0000000c   Code   RO          506    i.bsp_board_button_idx_to_pin  boards.o
    0x0002873c   0x0002873c   0x00000030   Code   RO          507    i.bsp_board_button_state_get  boards.o
    0x0002876c   0x0002876c   0x0000002c   Code   RO          508    i.bsp_board_buttons_init  boards.o
    0x00028798   0x00028798   0x0000001a   Code   RO          509    i.bsp_board_init    boards.o
    0x000287b2   0x000287b2   0x00000002   PAD
    0x000287b4   0x000287b4   0x00000030   Code   RO          511    i.bsp_board_led_invert  boards.o
    0x000287e4   0x000287e4   0x00000014   Code   RO          512    i.bsp_board_led_off  boards.o
    0x000287f8   0x000287f8   0x00000014   Code   RO          513    i.bsp_board_led_on  boards.o
    0x0002880c   0x0002880c   0x00000030   Code   RO          514    i.bsp_board_led_state_get  boards.o
    0x0002883c   0x0002883c   0x00000030   Code   RO          515    i.bsp_board_leds_init  boards.o
    0x0002886c   0x0002886c   0x00000014   Code   RO          516    i.bsp_board_leds_off  boards.o
    0x00028880   0x00028880   0x00000014   Code   RO          517    i.bsp_board_leds_on  boards.o
    0x00028894   0x00028894   0x00000024   Code   RO          518    i.bsp_board_pin_to_button_idx  boards.o
    0x000288b8   0x000288b8   0x0000002c   Code   RO          759    i.bsp_btn_ble_init  bsp_btn_ble.o
    0x000288e4   0x000288e4   0x00000032   Code   RO          760    i.bsp_btn_ble_sleep_mode_prepare  bsp_btn_ble.o
    0x00028916   0x00028916   0x00000002   PAD
    0x00028918   0x00028918   0x000000c4   Code   RO          644    i.bsp_button_event_handler  bsp.o
    0x000289dc   0x000289dc   0x00000012   Code   RO          645    i.bsp_button_is_pressed  bsp.o
    0x000289ee   0x000289ee   0x00000002   PAD
    0x000289f0   0x000289f0   0x00000090   Code   RO           10    i.bsp_event_handler  main.o
    0x00028a80   0x00028a80   0x00000058   Code   RO          648    i.bsp_event_to_button_action_assign  bsp.o
    0x00028ad8   0x00028ad8   0x00000020   Code   RO          649    i.bsp_indication_set  bsp.o
    0x00028af8   0x00028af8   0x000000ac   Code   RO          650    i.bsp_init          bsp.o
    0x00028ba4   0x00028ba4   0x00000388   Code   RO          651    i.bsp_led_indication  bsp.o
    0x00028f2c   0x00028f2c   0x0000000e   Code   RO          653    i.bsp_wakeup_button_enable  bsp.o
    0x00028f3a   0x00028f3a   0x00000002   PAD
    0x00028f3c   0x00028f3c   0x000000e4   Code   RO         6476    i.buf_prealloc      nrf_log_frontend.o
    0x00029020   0x00029020   0x00000020   Code   RO         5783    i.buffer_add        nrf_fprintf_format.o
    0x00029040   0x00029040   0x00000018   Code   RO         6477    i.buffer_is_empty   nrf_log_frontend.o
    0x00029058   0x00029058   0x0000000e   Code   RO          654    i.button_timer_handler  bsp.o
    0x00029066   0x00029066   0x00000002   PAD
    0x00029068   0x00029068   0x00000070   Code   RO           11    i.buttons_leds_init  main.o
    0x000290d8   0x000290d8   0x0000002c   Code   RO         1448    i.car_update_needed  gatt_cache_manager.o
    0x00029104   0x00029104   0x00000040   Code   RO         1449    i.car_update_pending_handle  gatt_cache_manager.o
    0x00029144   0x00029144   0x00000020   Code   RO         1450    i.cccd_written      gatt_cache_manager.o
    0x00029164   0x00029164   0x00000020   Code   RO         3515    i.channel_free      nrfx_gpiote.o
    0x00029184   0x00029184   0x00000010   Code   RO         3516    i.channel_handler_get  nrfx_gpiote.o
    0x00029194   0x00029194   0x00000080   Code   RO         3517    i.channel_port_alloc  nrfx_gpiote.o
    0x00029214   0x00029214   0x0000000c   Code   RO         3518    i.channel_port_get  nrfx_gpiote.o
    0x00029220   0x00029220   0x0000004c   Code   RO         2401    i.claim             peer_id.o
    0x0002926c   0x0002926c   0x00000090   Code   RO         4604    i.compare_reg_update  app_timer.o
    0x000292fc   0x000292fc   0x00000028   Code   RO          953    i.config_is_valid   ble_advertising.o
    0x00029324   0x00029324   0x0000003c   Code   RO         1212    i.conn_handle_list_get  ble_conn_state.o
    0x00029360   0x00029360   0x0000005a   Code   RO          822    i.conn_int_check    ble_advdata.o
    0x000293ba   0x000293ba   0x00000068   Code   RO          823    i.conn_int_encode   ble_advdata.o
    0x00029422   0x00029422   0x00000002   PAD
    0x00029424   0x00029424   0x00000028   Code   RO           12    i.conn_params_error_handler  main.o
    0x0002944c   0x0002944c   0x00000070   Code   RO           13    i.conn_params_init  main.o
    0x000294bc   0x000294bc   0x00000054   Code   RO         1100    i.conn_params_negotiation  ble_conn_params.o
    0x00029510   0x00029510   0x00000044   Code   RO         2925    i.conn_sec_failure  security_dispatcher.o
    0x00029554   0x00029554   0x00000058   Code   RO         2926    i.conn_sec_update_process  security_dispatcher.o
    0x000295ac   0x000295ac   0x00000054   Code   RO          761    i.connection_buttons_configure  bsp_btn_ble.o
    0x00029600   0x00029600   0x000000d8   Code   RO         1902    i.data_length_update  nrf_ble_gatt.o
    0x000296d8   0x000296d8   0x0000004c   Code   RO         1451    i.db_update_pending_handle  gatt_cache_manager.o
    0x00029724   0x00029724   0x00000058   Code   RO           14    i.delete_bonds      main.o
    0x0002977c   0x0002977c   0x0000004a   Code   RO         4923    i.delete_execute    fds.o
    0x000297c6   0x000297c6   0x00000002   PAD
    0x000297c8   0x000297c8   0x000000d8   Code   RO         4373    i.detection_delay_timeout_handler  app_button.o
    0x000298a0   0x000298a0   0x00000022   Code   RO         2927    i.disconnect_process  security_dispatcher.o
    0x000298c2   0x000298c2   0x00000002   PAD
    0x000298c4   0x000298c4   0x00000018   Code   RO         6479    i.dropped_sat16_get  nrf_log_frontend.o
    0x000298dc   0x000298dc   0x00000064   Code   RO         4605    i.elapsed_ticks_acquire  app_timer.o
    0x00029940   0x00029940   0x00000016   Code   RO         2928    i.encryption_failure  security_dispatcher.o
    0x00029956   0x00029956   0x00000002   PAD
    0x00029958   0x00029958   0x00000058   Code   RO         5917    i.erase             nrf_fstorage_sd.o
    0x000299b0   0x000299b0   0x0000000e   Code   RO         5918    i.erase_execute     nrf_fstorage_sd.o
    0x000299be   0x000299be   0x00000002   PAD
    0x000299c0   0x000299c0   0x00000054   Code   RO         7318    i.errata_108        system_nrf52.o
    0x00029a14   0x00029a14   0x00000054   Code   RO         7319    i.errata_12         system_nrf52.o
    0x00029a68   0x00029a68   0x00000054   Code   RO         7320    i.errata_136        system_nrf52.o
    0x00029abc   0x00029abc   0x00000030   Code   RO         7321    i.errata_16         system_nrf52.o
    0x00029aec   0x00029aec   0x00000020   Code   RO         7322    i.errata_182        system_nrf52.o
    0x00029b0c   0x00029b0c   0x00000054   Code   RO         7323    i.errata_31         system_nrf52.o
    0x00029b60   0x00029b60   0x00000030   Code   RO         7324    i.errata_32         system_nrf52.o
    0x00029b90   0x00029b90   0x00000054   Code   RO         7325    i.errata_36         system_nrf52.o
    0x00029be4   0x00029be4   0x00000030   Code   RO         7326    i.errata_37         system_nrf52.o
    0x00029c14   0x00029c14   0x00000030   Code   RO         7327    i.errata_57         system_nrf52.o
    0x00029c44   0x00029c44   0x00000030   Code   RO         7328    i.errata_66         system_nrf52.o
    0x00029c74   0x00029c74   0x0000007e   Code   RO         4924    i.event_prepare     fds.o
    0x00029cf2   0x00029cf2   0x00000002   PAD
    0x00029cf4   0x00029cf4   0x00000028   Code   RO         4925    i.event_send        fds.o
    0x00029d1c   0x00029d1c   0x00000068   Code   RO         5919    i.event_send        nrf_fstorage_sd.o
    0x00029d84   0x00029d84   0x00000072   Code   RO         3108    i.events_send_from_err_code  security_manager.o
    0x00029df6   0x00029df6   0x0000000c   Code   RO         3109    i.evt_forward       security_manager.o
    0x00029e02   0x00029e02   0x00000002   PAD
    0x00029e04   0x00029e04   0x00000028   Code   RO         1452    i.evt_send          gatt_cache_manager.o
    0x00029e2c   0x00029e2c   0x00000028   Code   RO         1637    i.evt_send          gatts_cache_manager.o
    0x00029e54   0x00029e54   0x00000020   Code   RO         1733    i.evt_send          id_manager.o
    0x00029e74   0x00029e74   0x00000028   Code   RO         2497    i.evt_send          peer_manager.o
    0x00029e9c   0x00029e9c   0x00000028   Code   RO         2929    i.evt_send          security_dispatcher.o
    0x00029ec4   0x00029ec4   0x00000020   Code   RO         3110    i.evt_send          security_manager.o
    0x00029ee4   0x00029ee4   0x00000058   Code   RO         4606    i.expired_timers_handler  app_timer.o
    0x00029f3c   0x00029f3c   0x00000104   Code   RO         2077    i.fds_evt_handler   peer_data_storage.o
    0x0002a040   0x0002a040   0x00000044   Code   RO         4927    i.fds_file_delete   fds.o
    0x0002a084   0x0002a084   0x00000040   Code   RO         4928    i.fds_gc            fds.o
    0x0002a0c4   0x0002a0c4   0x000000c8   Code   RO         4929    i.fds_init          fds.o
    0x0002a18c   0x0002a18c   0x00000060   Code   RO         4930    i.fds_record_close  fds.o
    0x0002a1ec   0x0002a1ec   0x00000016   Code   RO         4932    i.fds_record_find   fds.o
    0x0002a202   0x0002a202   0x00000014   Code   RO         4933    i.fds_record_find_by_key  fds.o
    0x0002a216   0x0002a216   0x00000014   Code   RO         4934    i.fds_record_find_in_file  fds.o
    0x0002a22a   0x0002a22a   0x00000012   Code   RO         4935    i.fds_record_id_from_desc  fds.o
    0x0002a23c   0x0002a23c   0x0000004c   Code   RO         4937    i.fds_record_open   fds.o
    0x0002a288   0x0002a288   0x0000001a   Code   RO         4938    i.fds_record_update  fds.o
    0x0002a2a2   0x0002a2a2   0x00000014   Code   RO         4939    i.fds_record_write  fds.o
    0x0002a2b6   0x0002a2b6   0x00000002   PAD
    0x0002a2b8   0x0002a2b8   0x00000030   Code   RO         4941    i.fds_register      fds.o
    0x0002a2e8   0x0002a2e8   0x00000034   Code   RO         4945    i.file_find_and_delete  fds.o
    0x0002a31c   0x0002a31c   0x0000000a   Code   RO         2078    i.file_id_to_peer_id  peer_data_storage.o
    0x0002a326   0x0002a326   0x00000018   Code   RO         2079    i.file_id_within_pm_range  peer_data_storage.o
    0x0002a33e   0x0002a33e   0x00000012   Code   RO         2930    i.flag_id_init      security_dispatcher.o
    0x0002a350   0x0002a350   0x00000012   Code   RO         3111    i.flag_id_init      security_manager.o
    0x0002a362   0x0002a362   0x00000036   Code   RO          824    i.flags_encode      ble_advdata.o
    0x0002a398   0x0002a398   0x0000002c   Code   RO          954    i.flags_set         ble_advertising.o
    0x0002a3c4   0x0002a3c4   0x0000004c   Code   RO         3112    i.flags_set_from_err_code  security_manager.o
    0x0002a410   0x0002a410   0x0000001c   Code   RO         4946    i.flash_bounds_set  fds.o
    0x0002a42c   0x0002a42c   0x00000036   Code   RO         4947    i.flash_end_addr    fds.o
    0x0002a462   0x0002a462   0x00000002   PAD
    0x0002a464   0x0002a464   0x0000001c   Code   RO         4948    i.flash_subsystem_init  fds.o
    0x0002a480   0x0002a480   0x00000032   Code   RO         1213    i.for_each_set_flag  ble_conn_state.o
    0x0002a4b2   0x0002a4b2   0x0000000c   Code   RO         4949    i.fs_event_handler  fds.o
    0x0002a4be   0x0002a4be   0x00000002   PAD
    0x0002a4c0   0x0002a4c0   0x0000009c   Code   RO           15    i.gap_params_init   main.o
    0x0002a55c   0x0002a55c   0x0000003c   Code   RO           16    i.gatt_init         main.o
    0x0002a598   0x0002a598   0x00000070   Code   RO         4950    i.gc_execute        fds.o
    0x0002a608   0x0002a608   0x00000040   Code   RO         4951    i.gc_init           fds.o
    0x0002a648   0x0002a648   0x00000028   Code   RO         4952    i.gc_next_page      fds.o
    0x0002a670   0x0002a670   0x0000004c   Code   RO         4953    i.gc_page_erase     fds.o
    0x0002a6bc   0x0002a6bc   0x00000050   Code   RO         4954    i.gc_page_next      fds.o
    0x0002a70c   0x0002a70c   0x00000040   Code   RO         4955    i.gc_record_copy    fds.o
    0x0002a74c   0x0002a74c   0x00000024   Code   RO         4956    i.gc_record_find_next  fds.o
    0x0002a770   0x0002a770   0x00000058   Code   RO         4957    i.gc_state_advance  fds.o
    0x0002a7c8   0x0002a7c8   0x0000002c   Code   RO         4958    i.gc_swap_erase     fds.o
    0x0002a7f4   0x0002a7f4   0x00000050   Code   RO         4959    i.gc_swap_pages     fds.o
    0x0002a844   0x0002a844   0x00000024   Code   RO         4960    i.gc_swap_promote   fds.o
    0x0002a868   0x0002a868   0x00000018   Code   RO         4961    i.gc_tag_new_swap   fds.o
    0x0002a880   0x0002a880   0x00000020   Code   RO         4962    i.gc_update_swap_offset  fds.o
    0x0002a8a0   0x0002a8a0   0x00000160   Code   RO         1453    i.gcm_ble_evt_handler  gatt_cache_manager.o
    0x0002aa00   0x0002aa00   0x00000026   Code   RO         1454    i.gcm_im_evt_handler  gatt_cache_manager.o
    0x0002aa26   0x0002aa26   0x00000002   PAD
    0x0002aa28   0x0002aa28   0x000000c4   Code   RO         1455    i.gcm_init          gatt_cache_manager.o
    0x0002aaec   0x0002aaec   0x0000009c   Code   RO         1458    i.gcm_pdb_evt_handler  gatt_cache_manager.o
    0x0002ab88   0x0002ab88   0x000000a4   Code   RO         4374    i.gpiote_event_handler  app_button.o
    0x0002ac2c   0x0002ac2c   0x0000001c   Code   RO         1638    i.gscm_db_change_notification_done  gatts_cache_manager.o
    0x0002ac48   0x0002ac48   0x00000014   Code   RO         1639    i.gscm_init         gatts_cache_manager.o
    0x0002ac5c   0x0002ac5c   0x00000090   Code   RO         1641    i.gscm_local_db_cache_apply  gatts_cache_manager.o
    0x0002acec   0x0002acec   0x00000098   Code   RO         1642    i.gscm_local_db_cache_update  gatts_cache_manager.o
    0x0002ad84   0x0002ad84   0x0000001c   Code   RO         1643    i.gscm_pdb_evt_handler  gatts_cache_manager.o
    0x0002ada0   0x0002ada0   0x00000028   Code   RO         1644    i.gscm_service_changed_ind_needed  gatts_cache_manager.o
    0x0002adc8   0x0002adc8   0x00000048   Code   RO         1645    i.gscm_service_changed_ind_send  gatts_cache_manager.o
    0x0002ae10   0x0002ae10   0x0000002a   Code   RO         4963    i.header_check      fds.o
    0x0002ae3a   0x0002ae3a   0x00000016   Code   RO         4964    i.header_has_next   fds.o
    0x0002ae50   0x0002ae50   0x0000000e   Code   RO         4965    i.header_jump       fds.o
    0x0002ae5e   0x0002ae5e   0x0000000e   Code   RO           17    i.idle_state_handle  main.o
    0x0002ae6c   0x0002ae6c   0x0000004c   Code   RO         1734    i.im_address_resolve  id_manager.o
    0x0002aeb8   0x0002aeb8   0x00000038   Code   RO         1735    i.im_ble_addr_get   id_manager.o
    0x0002aef0   0x0002aef0   0x000000ec   Code   RO         1736    i.im_ble_evt_handler  id_manager.o
    0x0002afdc   0x0002afdc   0x00000040   Code   RO         1737    i.im_conn_handle_get  id_manager.o
    0x0002b01c   0x0002b01c   0x00000038   Code   RO         1739    i.im_find_duplicate_bonding_data  id_manager.o
    0x0002b054   0x0002b054   0x00000090   Code   RO         1742    i.im_is_duplicate_bonding_data  id_manager.o
    0x0002b0e4   0x0002b0e4   0x00000022   Code   RO         1743    i.im_master_id_is_valid  id_manager.o
    0x0002b106   0x0002b106   0x00000032   Code   RO         1744    i.im_master_ids_compare  id_manager.o
    0x0002b138   0x0002b138   0x00000014   Code   RO         1745    i.im_new_peer_id    id_manager.o
    0x0002b14c   0x0002b14c   0x00000030   Code   RO         1746    i.im_peer_free      id_manager.o
    0x0002b17c   0x0002b17c   0x00000028   Code   RO         1747    i.im_peer_id_get_by_conn_handle  id_manager.o
    0x0002b1a4   0x0002b1a4   0x00000040   Code   RO         1748    i.im_peer_id_get_by_master_id  id_manager.o
    0x0002b1e4   0x0002b1e4   0x0000003c   Code   RO         5920    i.init              nrf_fstorage_sd.o
    0x0002b220   0x0002b220   0x0000012c   Code   RO         4966    i.init_execute      fds.o
    0x0002b34c   0x0002b34c   0x0000002c   Code   RO         1101    i.instance_get      ble_conn_params.o
    0x0002b378   0x0002b378   0x000000be   Code   RO         5784    i.int_print         nrf_fprintf_format.o
    0x0002b436   0x0002b436   0x00000002   PAD
    0x0002b438   0x0002b438   0x0000000c   Code   RO         1459    i.internal_state_reset  gatt_cache_manager.o
    0x0002b444   0x0002b444   0x00000018   Code   RO         1646    i.internal_state_reset  gatts_cache_manager.o
    0x0002b45c   0x0002b45c   0x00000020   Code   RO         2251    i.internal_state_reset  peer_database.o
    0x0002b47c   0x0002b47c   0x0000000e   Code   RO         2402    i.internal_state_reset  peer_id.o
    0x0002b48a   0x0002b48a   0x00000002   PAD
    0x0002b48c   0x0002b48c   0x00000018   Code   RO         2498    i.internal_state_reset  peer_manager.o
    0x0002b4a4   0x0002b4a4   0x00000034   Code   RO         3914    i.interrupts_disable  nrfx_uart.o
    0x0002b4d8   0x0002b4d8   0x00000034   Code   RO         4156    i.interrupts_disable  nrfx_uarte.o
    0x0002b50c   0x0002b50c   0x00000088   Code   RO         3915    i.interrupts_enable  nrfx_uart.o
    0x0002b594   0x0002b594   0x0000009c   Code   RO         4157    i.interrupts_enable  nrfx_uarte.o
    0x0002b630   0x0002b630   0x0000006c   Code   RO         6481    i.invalid_packets_pushed_str_omit  nrf_log_frontend.o
    0x0002b69c   0x0002b69c   0x00000014   Code   RO         5921    i.is_busy           nrf_fstorage_sd.o
    0x0002b6b0   0x0002b6b0   0x00000072   Code   RO         1102    i.is_conn_params_ok  ble_conn_params.o
    0x0002b722   0x0002b722   0x00000018   Code   RO         1753    i.is_valid_irk      id_manager.o
    0x0002b73a   0x0002b73a   0x00000010   Code   RO         4967    i.is_word_aligned   fds.o
    0x0002b74a   0x0002b74a   0x00000002   PAD
    0x0002b74c   0x0002b74c   0x00000028   Code   RO          655    i.leds_off          bsp.o
    0x0002b774   0x0002b774   0x00000020   Code   RO          656    i.leds_timer_handler  bsp.o
    0x0002b794   0x0002b794   0x00000014   Code   RO         1903    i.link_init         nrf_ble_gatt.o
    0x0002b7a8   0x0002b7a8   0x000000bc   Code   RO         3113    i.link_secure       security_manager.o
    0x0002b864   0x0002b864   0x00000018   Code   RO         2931    i.link_secure_authenticate  security_dispatcher.o
    0x0002b87c   0x0002b87c   0x0000003c   Code   RO         2932    i.link_secure_failure  security_dispatcher.o
    0x0002b8b8   0x0002b8b8   0x0000003c   Code   RO         3114    i.link_secure_pending_handle  security_manager.o
    0x0002b8f4   0x0002b8f4   0x00000018   Code   RO         2933    i.link_secure_peripheral  security_dispatcher.o
    0x0002b90c   0x0002b90c   0x0000013c   Code   RO         4607    i.list_insertions_handler  app_timer.o
    0x0002ba48   0x0002ba48   0x00000080   Code   RO         1460    i.local_db_apply_in_evt  gatt_cache_manager.o
    0x0002bac8   0x0002bac8   0x00000018   Code   RO         1461    i.local_db_update   gatt_cache_manager.o
    0x0002bae0   0x0002bae0   0x00000064   Code   RO         1462    i.local_db_update_in_evt  gatt_cache_manager.o
    0x0002bb44   0x0002bb44   0x0000003c   Code   RO           18    i.log_init          main.o
    0x0002bb80   0x0002bb80   0x000000c8   Code   RO         6482    i.log_skip          nrf_log_frontend.o
    0x0002bc48   0x0002bc48   0x00000064   Code   RO           19    i.main              main.o
    0x0002bcac   0x0002bcac   0x00000076   Code   RO          825    i.manuf_specific_data_encode  ble_advdata.o
    0x0002bd22   0x0002bd22   0x000000ae   Code   RO         6055    i.memobj_op         nrf_memobj.o
    0x0002bdd0   0x0002bdd0   0x00000038   Code   RO         6483    i.module_idx_get    nrf_log_frontend.o
    0x0002be08   0x0002be08   0x00000026   Code   RO         2808    i.mutex_lock        pm_buffer.o
    0x0002be2e   0x0002be2e   0x00000020   Code   RO         2809    i.mutex_lock_status_get  pm_buffer.o
    0x0002be4e   0x0002be4e   0x00000020   Code   RO         2810    i.mutex_unlock      pm_buffer.o
    0x0002be6e   0x0002be6e   0x000000c8   Code   RO          826    i.name_encode       ble_advdata.o
    0x0002bf36   0x0002bf36   0x00000002   PAD
    0x0002bf38   0x0002bf38   0x00000020   Code   RO         3115    i.new_context_get   security_manager.o
    0x0002bf58   0x0002bf58   0x00000034   Code   RO         2403    i.next_id_get       peer_id.o
    0x0002bf8c   0x0002bf8c   0x00000016   Code   RO         5421    i.nrf_atfifo_clear  nrf_atfifo.o
    0x0002bfa2   0x0002bfa2   0x00000028   Code   RO         5423    i.nrf_atfifo_init   nrf_atfifo.o
    0x0002bfca   0x0002bfca   0x0000001c   Code   RO         5424    i.nrf_atfifo_item_alloc  nrf_atfifo.o
    0x0002bfe6   0x0002bfe6   0x0000001c   Code   RO         5425    i.nrf_atfifo_item_free  nrf_atfifo.o
    0x0002c002   0x0002c002   0x0000001c   Code   RO         5426    i.nrf_atfifo_item_get  nrf_atfifo.o
    0x0002c01e   0x0002c01e   0x0000001c   Code   RO         5427    i.nrf_atfifo_item_put  nrf_atfifo.o
    0x0002c03a   0x0002c03a   0x0000001e   Code   RO         5492    i.nrf_atflags_clear  nrf_atflags.o
    0x0002c058   0x0002c058   0x0000002e   Code   RO         5494    i.nrf_atflags_fetch_set  nrf_atflags.o
    0x0002c086   0x0002c086   0x00000060   Code   RO         5496    i.nrf_atflags_find_and_set_flag  nrf_atflags.o
    0x0002c0e6   0x0002c0e6   0x0000001e   Code   RO         5497    i.nrf_atflags_get   nrf_atflags.o
    0x0002c104   0x0002c104   0x0000001e   Code   RO         5499    i.nrf_atflags_set   nrf_atflags.o
    0x0002c122   0x0002c122   0x0000000e   Code   RO         5560    i.nrf_atomic_flag_clear_fetch  nrf_atomic.o
    0x0002c130   0x0002c130   0x0000000e   Code   RO         5561    i.nrf_atomic_flag_set  nrf_atomic.o
    0x0002c13e   0x0002c13e   0x0000000e   Code   RO         5562    i.nrf_atomic_flag_set_fetch  nrf_atomic.o
    0x0002c14c   0x0002c14c   0x00000016   Code   RO         5563    i.nrf_atomic_u32_add  nrf_atomic.o
    0x0002c162   0x0002c162   0x00000016   Code   RO         5564    i.nrf_atomic_u32_and  nrf_atomic.o
    0x0002c178   0x0002c178   0x00000016   Code   RO         5566    i.nrf_atomic_u32_fetch_add  nrf_atomic.o
    0x0002c18e   0x0002c18e   0x00000016   Code   RO         5567    i.nrf_atomic_u32_fetch_and  nrf_atomic.o
    0x0002c1a4   0x0002c1a4   0x00000016   Code   RO         5568    i.nrf_atomic_u32_fetch_or  nrf_atomic.o
    0x0002c1ba   0x0002c1ba   0x00000016   Code   RO         5569    i.nrf_atomic_u32_fetch_store  nrf_atomic.o
    0x0002c1d0   0x0002c1d0   0x00000016   Code   RO         5573    i.nrf_atomic_u32_or  nrf_atomic.o
    0x0002c1e6   0x0002c1e6   0x00000016   Code   RO         5575    i.nrf_atomic_u32_sub  nrf_atomic.o
    0x0002c1fc   0x0002c1fc   0x00000052   Code   RO         5697    i.nrf_balloc_alloc  nrf_balloc.o
    0x0002c24e   0x0002c24e   0x00000010   Code   RO         5698    i.nrf_balloc_block2idx  nrf_balloc.o
    0x0002c25e   0x0002c25e   0x00000030   Code   RO         5699    i.nrf_balloc_free   nrf_balloc.o
    0x0002c28e   0x0002c28e   0x0000000c   Code   RO         5700    i.nrf_balloc_idx2block  nrf_balloc.o
    0x0002c29a   0x0002c29a   0x0000003c   Code   RO         5701    i.nrf_balloc_init   nrf_balloc.o
    0x0002c2d6   0x0002c2d6   0x00000016   Code   RO         3519    i.nrf_bitmask_bit_is_set  nrfx_gpiote.o
    0x0002c2ec   0x0002c2ec   0x00000016   Code   RO         3520    i.nrf_bitmask_bit_set  nrfx_gpiote.o
    0x0002c302   0x0002c302   0x00000034   Code   RO         1909    i.nrf_ble_gatt_init  nrf_ble_gatt.o
    0x0002c336   0x0002c336   0x00000002   PAD
    0x0002c338   0x0002c338   0x00000100   Code   RO         1910    i.nrf_ble_gatt_on_ble_evt  nrf_ble_gatt.o
    0x0002c438   0x0002c438   0x00000020   Code   RO         2021    i.nrf_ble_qwr_conn_handle_assign  nrf_ble_qwr.o
    0x0002c458   0x0002c458   0x00000032   Code   RO         2022    i.nrf_ble_qwr_init  nrf_ble_qwr.o
    0x0002c48a   0x0002c48a   0x0000007c   Code   RO         2023    i.nrf_ble_qwr_on_ble_evt  nrf_ble_qwr.o
    0x0002c506   0x0002c506   0x00000012   Code   RO         3350    i.nrf_clock_event_check  nrfx_clock.o
    0x0002c518   0x0002c518   0x00000012   Code   RO         3351    i.nrf_clock_event_clear  nrfx_clock.o
    0x0002c52a   0x0002c52a   0x00000002   PAD
    0x0002c52c   0x0002c52c   0x0000000c   Code   RO         3352    i.nrf_clock_int_disable  nrfx_clock.o
    0x0002c538   0x0002c538   0x0000008c   Code   RO         3297    i.nrf_drv_uart_init  nrf_drv_uart.o
    0x0002c5c4   0x0002c5c4   0x0000002a   Code   RO         5744    i.nrf_fprintf       nrf_fprintf.o
    0x0002c5ee   0x0002c5ee   0x0000001c   Code   RO         5745    i.nrf_fprintf_buffer_flush  nrf_fprintf.o
    0x0002c60a   0x0002c60a   0x000001f0   Code   RO         5785    i.nrf_fprintf_fmt   nrf_fprintf_format.o
    0x0002c7fa   0x0002c7fa   0x00000002   PAD
    0x0002c7fc   0x0002c7fc   0x00000158   Code   RO         5831    i.nrf_fstorage_erase  nrf_fstorage.o
    0x0002c954   0x0002c954   0x000000a0   Code   RO         5832    i.nrf_fstorage_init  nrf_fstorage.o
    0x0002c9f4   0x0002c9f4   0x0000001c   Code   RO         5922    i.nrf_fstorage_sdh_req_handler  nrf_fstorage_sd.o
    0x0002ca10   0x0002ca10   0x0000002c   Code   RO         5923    i.nrf_fstorage_sdh_state_handler  nrf_fstorage_sd.o
    0x0002ca3c   0x0002ca3c   0x0000008c   Code   RO         5924    i.nrf_fstorage_sys_evt_handler  nrf_fstorage_sd.o
    0x0002cac8   0x0002cac8   0x00000240   Code   RO         5838    i.nrf_fstorage_write  nrf_fstorage.o
    0x0002cd08   0x0002cd08   0x00000028   Code   RO          520    i.nrf_gpio_cfg      boards.o
    0x0002cd30   0x0002cd30   0x00000028   Code   RO         3521    i.nrf_gpio_cfg      nrfx_gpiote.o
    0x0002cd58   0x0002cd58   0x00000028   Code   RO         3916    i.nrf_gpio_cfg      nrfx_uart.o
    0x0002cd80   0x0002cd80   0x00000028   Code   RO         4158    i.nrf_gpio_cfg      nrfx_uarte.o
    0x0002cda8   0x0002cda8   0x00000018   Code   RO         3917    i.nrf_gpio_cfg_default  nrfx_uart.o
    0x0002cdc0   0x0002cdc0   0x00000018   Code   RO         4159    i.nrf_gpio_cfg_default  nrfx_uarte.o
    0x0002cdd8   0x0002cdd8   0x0000001a   Code   RO         3918    i.nrf_gpio_cfg_input  nrfx_uart.o
    0x0002cdf2   0x0002cdf2   0x0000001a   Code   RO         4160    i.nrf_gpio_cfg_input  nrfx_uarte.o
    0x0002ce0c   0x0002ce0c   0x00000018   Code   RO         3919    i.nrf_gpio_cfg_output  nrfx_uart.o
    0x0002ce24   0x0002ce24   0x00000018   Code   RO         4161    i.nrf_gpio_cfg_output  nrfx_uarte.o
    0x0002ce3c   0x0002ce3c   0x00000032   Code   RO         3523    i.nrf_gpio_cfg_sense_set  nrfx_gpiote.o
    0x0002ce6e   0x0002ce6e   0x00000018   Code   RO         3525    i.nrf_gpio_pin_read  nrfx_gpiote.o
    0x0002ce86   0x0002ce86   0x00000016   Code   RO         3920    i.nrf_gpio_pin_set  nrfx_uart.o
    0x0002ce9c   0x0002ce9c   0x00000016   Code   RO         4162    i.nrf_gpio_pin_set  nrfx_uarte.o
    0x0002ceb2   0x0002ceb2   0x0000003a   Code   RO          521    i.nrf_gpio_pin_write  boards.o
    0x0002ceec   0x0002ceec   0x00000028   Code   RO         3527    i.nrf_gpio_ports_read  nrfx_gpiote.o
    0x0002cf14   0x0002cf14   0x0000000c   Code   RO         3528    i.nrf_gpiote_event_addr_get  nrfx_gpiote.o
    0x0002cf20   0x0002cf20   0x0000001c   Code   RO         3529    i.nrf_gpiote_event_clear  nrfx_gpiote.o
    0x0002cf3c   0x0002cf3c   0x00000016   Code   RO         3530    i.nrf_gpiote_event_is_set  nrfx_gpiote.o
    0x0002cf52   0x0002cf52   0x00000002   PAD
    0x0002cf54   0x0002cf54   0x0000000c   Code   RO         3531    i.nrf_gpiote_int_enable  nrfx_gpiote.o
    0x0002cf60   0x0002cf60   0x00000048   Code   RO         6484    i.nrf_log_backend_add  nrf_log_frontend.o
    0x0002cfa8   0x0002cfa8   0x000000f2   Code   RO         6323    i.nrf_log_backend_serial_put  nrf_log_backend_serial.o
    0x0002d09a   0x0002d09a   0x00000002   Code   RO         6363    i.nrf_log_backend_uart_flush  nrf_log_backend_uart.o
    0x0002d09c   0x0002d09c   0x0000000c   Code   RO         6364    i.nrf_log_backend_uart_init  nrf_log_backend_uart.o
    0x0002d0a8   0x0002d0a8   0x00000038   Code   RO         6365    i.nrf_log_backend_uart_panic_set  nrf_log_backend_uart.o
    0x0002d0e0   0x0002d0e0   0x00000020   Code   RO         6366    i.nrf_log_backend_uart_put  nrf_log_backend_uart.o
    0x0002d100   0x0002d100   0x00000038   Code   RO         6486    i.nrf_log_color_id_get  nrf_log_frontend.o
    0x0002d138   0x0002d138   0x00000024   Code   RO         6442    i.nrf_log_default_backends_init  nrf_log_default_backends.o
    0x0002d15c   0x0002d15c   0x00000300   Code   RO         6487    i.nrf_log_frontend_dequeue  nrf_log_frontend.o
    0x0002d45c   0x0002d45c   0x00000014   Code   RO         6489    i.nrf_log_frontend_std_0  nrf_log_frontend.o
    0x0002d470   0x0002d470   0x00000018   Code   RO         6490    i.nrf_log_frontend_std_1  nrf_log_frontend.o
    0x0002d488   0x0002d488   0x00000020   Code   RO         6491    i.nrf_log_frontend_std_2  nrf_log_frontend.o
    0x0002d4a8   0x0002d4a8   0x00000028   Code   RO         6492    i.nrf_log_frontend_std_3  nrf_log_frontend.o
    0x0002d4d0   0x0002d4d0   0x00000038   Code   RO         6494    i.nrf_log_frontend_std_5  nrf_log_frontend.o
    0x0002d508   0x0002d508   0x000000b8   Code   RO         6683    i.nrf_log_hexdump_entry_process  nrf_log_str_formatter.o
    0x0002d5c0   0x0002d5c0   0x00000064   Code   RO         6496    i.nrf_log_init      nrf_log_frontend.o
    0x0002d624   0x0002d624   0x00000014   Code   RO         6497    i.nrf_log_module_cnt_get  nrf_log_frontend.o
    0x0002d638   0x0002d638   0x00000024   Code   RO         6501    i.nrf_log_module_name_get  nrf_log_frontend.o
    0x0002d65c   0x0002d65c   0x00000034   Code   RO         6502    i.nrf_log_panic     nrf_log_frontend.o
    0x0002d690   0x0002d690   0x000000c8   Code   RO         6684    i.nrf_log_std_entry_process  nrf_log_str_formatter.o
    0x0002d758   0x0002d758   0x0000007a   Code   RO         6056    i.nrf_memobj_alloc  nrf_memobj.o
    0x0002d7d2   0x0002d7d2   0x00000040   Code   RO         6057    i.nrf_memobj_free   nrf_memobj.o
    0x0002d812   0x0002d812   0x00000010   Code   RO         6058    i.nrf_memobj_get    nrf_memobj.o
    0x0002d822   0x0002d822   0x0000000c   Code   RO         6059    i.nrf_memobj_pool_init  nrf_memobj.o
    0x0002d82e   0x0002d82e   0x0000001e   Code   RO         6060    i.nrf_memobj_put    nrf_memobj.o
    0x0002d84c   0x0002d84c   0x0000001c   Code   RO         6061    i.nrf_memobj_read   nrf_memobj.o
    0x0002d868   0x0002d868   0x0000001c   Code   RO         6062    i.nrf_memobj_write  nrf_memobj.o
    0x0002d884   0x0002d884   0x00000016   Code   RO         1463    i.nrf_mtx_unlock    gatt_cache_manager.o
    0x0002d89a   0x0002d89a   0x00000002   PAD
    0x0002d89c   0x0002d89c   0x00000040   Code   RO         6135    i.nrf_pwr_mgmt_init  nrf_pwr_mgmt.o
    0x0002d8dc   0x0002d8dc   0x00000068   Code   RO         6136    i.nrf_pwr_mgmt_run  nrf_pwr_mgmt.o
    0x0002d944   0x0002d944   0x00000028   Code   RO           20    i.nrf_qwr_error_handler  main.o
    0x0002d96c   0x0002d96c   0x00000018   Code   RO         7222    i.nrf_sdh_ble_app_ram_start_get  nrf_sdh_ble.o
    0x0002d984   0x0002d984   0x00000148   Code   RO         7223    i.nrf_sdh_ble_default_cfg_set  nrf_sdh_ble.o
    0x0002dacc   0x0002dacc   0x00000138   Code   RO         7224    i.nrf_sdh_ble_enable  nrf_sdh_ble.o
    0x0002dc04   0x0002dc04   0x000000b4   Code   RO         7225    i.nrf_sdh_ble_evts_poll  nrf_sdh_ble.o
    0x0002dcb8   0x0002dcb8   0x00000064   Code   RO         7098    i.nrf_sdh_disable_request  nrf_sdh.o
    0x0002dd1c   0x0002dd1c   0x00000084   Code   RO         7099    i.nrf_sdh_enable_request  nrf_sdh.o
    0x0002dda0   0x0002dda0   0x00000030   Code   RO         7100    i.nrf_sdh_evts_poll  nrf_sdh.o
    0x0002ddd0   0x0002ddd0   0x0000000c   Code   RO         7101    i.nrf_sdh_is_enabled  nrf_sdh.o
    0x0002dddc   0x0002dddc   0x00000028   Code   RO         7103    i.nrf_sdh_request_continue  nrf_sdh.o
    0x0002de04   0x0002de04   0x00000098   Code   RO         7278    i.nrf_sdh_soc_evts_poll  nrf_sdh_soc.o
    0x0002de9c   0x0002de9c   0x00000006   Code   RO         7106    i.nrf_section_iter_get  nrf_sdh.o
    0x0002dea2   0x0002dea2   0x00000014   Code   RO         6207    i.nrf_section_iter_init  nrf_section_iter.o
    0x0002deb6   0x0002deb6   0x0000002e   Code   RO         6208    i.nrf_section_iter_item_set  nrf_section_iter.o
    0x0002dee4   0x0002dee4   0x0000002e   Code   RO         6209    i.nrf_section_iter_next  nrf_section_iter.o
    0x0002df12   0x0002df12   0x00000002   PAD
    0x0002df14   0x0002df14   0x00000040   Code   RO         6242    i.nrf_strerror_find  nrf_strerror.o
    0x0002df54   0x0002df54   0x0000001c   Code   RO         6243    i.nrf_strerror_get  nrf_strerror.o
    0x0002df70   0x0002df70   0x0000000c   Code   RO         3921    i.nrf_uart_errorsrc_get_and_clear  nrfx_uart.o
    0x0002df7c   0x0002df7c   0x0000000e   Code   RO         3922    i.nrf_uart_event_check  nrfx_uart.o
    0x0002df8a   0x0002df8a   0x0000000e   Code   RO         3923    i.nrf_uart_event_clear  nrfx_uart.o
    0x0002df98   0x0002df98   0x0000000a   Code   RO         3924    i.nrf_uart_hwfc_pins_set  nrfx_uart.o
    0x0002dfa2   0x0002dfa2   0x00000006   Code   RO         3925    i.nrf_uart_int_disable  nrfx_uart.o
    0x0002dfa8   0x0002dfa8   0x00000006   Code   RO         3926    i.nrf_uart_int_enable  nrfx_uart.o
    0x0002dfae   0x0002dfae   0x00000012   Code   RO         3927    i.nrf_uart_int_enable_check  nrfx_uart.o
    0x0002dfc0   0x0002dfc0   0x00000006   Code   RO         3928    i.nrf_uart_task_trigger  nrfx_uart.o
    0x0002dfc6   0x0002dfc6   0x0000000a   Code   RO         3929    i.nrf_uart_txrx_pins_set  nrfx_uart.o
    0x0002dfd0   0x0002dfd0   0x0000000c   Code   RO         4163    i.nrf_uarte_errorsrc_get_and_clear  nrfx_uarte.o
    0x0002dfdc   0x0002dfdc   0x0000000e   Code   RO         4164    i.nrf_uarte_event_check  nrfx_uarte.o
    0x0002dfea   0x0002dfea   0x0000000e   Code   RO         4165    i.nrf_uarte_event_clear  nrfx_uarte.o
    0x0002dff8   0x0002dff8   0x0000000c   Code   RO         4166    i.nrf_uarte_hwfc_pins_set  nrfx_uarte.o
    0x0002e004   0x0002e004   0x00000006   Code   RO         4167    i.nrf_uarte_int_disable  nrfx_uarte.o
    0x0002e00a   0x0002e00a   0x00000006   Code   RO         4168    i.nrf_uarte_int_enable  nrfx_uarte.o
    0x0002e010   0x0002e010   0x0000000a   Code   RO         4169    i.nrf_uarte_rx_amount_get  nrfx_uarte.o
    0x0002e01a   0x0002e01a   0x0000000c   Code   RO         4170    i.nrf_uarte_shorts_disable  nrfx_uarte.o
    0x0002e026   0x0002e026   0x00000006   Code   RO         4171    i.nrf_uarte_task_trigger  nrfx_uarte.o
    0x0002e02c   0x0002e02c   0x0000000e   Code   RO         4172    i.nrf_uarte_txrx_pins_set  nrfx_uarte.o
    0x0002e03a   0x0002e03a   0x00000002   PAD
    0x0002e03c   0x0002e03c   0x00000018   Code   RO         4608    i.nrfx_coredep_delay_us  app_timer.o
    0x0002e054   0x0002e054   0x00000008   Code   RO         3930    i.nrfx_get_irq_number  nrfx_uart.o
    0x0002e05c   0x0002e05c   0x00000008   Code   RO         4173    i.nrfx_get_irq_number  nrfx_uarte.o
    0x0002e064   0x0002e064   0x000000ac   Code   RO         3538    i.nrfx_gpiote_in_event_enable  nrfx_gpiote.o
    0x0002e110   0x0002e110   0x000000f4   Code   RO         3539    i.nrfx_gpiote_in_init  nrfx_gpiote.o
    0x0002e204   0x0002e204   0x00000014   Code   RO         3540    i.nrfx_gpiote_in_is_set  nrfx_gpiote.o
    0x0002e218   0x0002e218   0x000000ac   Code   RO         3542    i.nrfx_gpiote_init  nrfx_gpiote.o
    0x0002e2c4   0x0002e2c4   0x00000014   Code   RO         3543    i.nrfx_gpiote_is_init  nrfx_gpiote.o
    0x0002e2d8   0x0002e2d8   0x00000014   Code   RO         4174    i.nrfx_is_in_ram    nrfx_uarte.o
    0x0002e2ec   0x0002e2ec   0x0000004e   Code   RO         3863    i.nrfx_prs_acquire  nrfx_prs.o
    0x0002e33a   0x0002e33a   0x00000016   Code   RO         3864    i.nrfx_prs_release  nrfx_prs.o
    0x0002e350   0x0002e350   0x00000014   Code   RO         3931    i.nrfx_uart_0_irq_handler  nrfx_uart.o
    0x0002e364   0x0002e364   0x00000088   Code   RO         3933    i.nrfx_uart_init    nrfx_uart.o
    0x0002e3ec   0x0002e3ec   0x0000008c   Code   RO         3939    i.nrfx_uart_tx      nrfx_uart.o
    0x0002e478   0x0002e478   0x00000024   Code   RO         3941    i.nrfx_uart_tx_in_progress  nrfx_uart.o
    0x0002e49c   0x0002e49c   0x00000044   Code   RO         3942    i.nrfx_uart_uninit  nrfx_uart.o
    0x0002e4e0   0x0002e4e0   0x00000014   Code   RO         4175    i.nrfx_uarte_0_irq_handler  nrfx_uarte.o
    0x0002e4f4   0x0002e4f4   0x00000080   Code   RO         4177    i.nrfx_uarte_init   nrfx_uarte.o
    0x0002e574   0x0002e574   0x000000a8   Code   RO         4181    i.nrfx_uarte_tx     nrfx_uarte.o
    0x0002e61c   0x0002e61c   0x00000020   Code   RO         4183    i.nrfx_uarte_tx_in_progress  nrfx_uarte.o
    0x0002e63c   0x0002e63c   0x00000040   Code   RO         4184    i.nrfx_uarte_uninit  nrfx_uarte.o
    0x0002e67c   0x0002e67c   0x00000070   Code   RO           21    i.on_adv_evt        main.o
    0x0002e6ec   0x0002e6ec   0x00000040   Code   RO           22    i.on_conn_params_evt  main.o
    0x0002e72c   0x0002e72c   0x00000030   Code   RO         1103    i.on_conn_params_update  ble_conn_params.o
    0x0002e75c   0x0002e75c   0x00000070   Code   RO         1104    i.on_connect        ble_conn_params.o
    0x0002e7cc   0x0002e7cc   0x0000000e   Code   RO          955    i.on_connected      ble_advertising.o
    0x0002e7da   0x0002e7da   0x00000002   PAD
    0x0002e7dc   0x0002e7dc   0x000000bc   Code   RO         1911    i.on_connected_evt  nrf_ble_gatt.o
    0x0002e898   0x0002e898   0x00000054   Code   RO         1912    i.on_data_length_update_evt  nrf_ble_gatt.o
    0x0002e8ec   0x0002e8ec   0x00000030   Code   RO         1913    i.on_data_length_update_request_evt  nrf_ble_gatt.o
    0x0002e91c   0x0002e91c   0x00000032   Code   RO         1105    i.on_disconnect     ble_conn_params.o
    0x0002e94e   0x0002e94e   0x00000032   Code   RO          956    i.on_disconnected   ble_advertising.o
    0x0002e980   0x0002e980   0x00000014   Code   RO         1914    i.on_disconnected_evt  nrf_ble_gatt.o
    0x0002e994   0x0002e994   0x000000c0   Code   RO         1915    i.on_exchange_mtu_request_evt  nrf_ble_gatt.o
    0x0002ea54   0x0002ea54   0x00000064   Code   RO         1916    i.on_exchange_mtu_rsp_evt  nrf_ble_gatt.o
    0x0002eab8   0x0002eab8   0x00000024   Code   RO         5925    i.on_operation_failure  nrf_fstorage_sd.o
    0x0002eadc   0x0002eadc   0x00000060   Code   RO         5926    i.on_operation_success  nrf_fstorage_sd.o
    0x0002eb3c   0x0002eb3c   0x0000006a   Code   RO         2024    i.on_rw_authorize_request  nrf_ble_qwr.o
    0x0002eba6   0x0002eba6   0x00000040   Code   RO          957    i.on_terminated     ble_advertising.o
    0x0002ebe6   0x0002ebe6   0x00000002   Code   RO         2025    i.on_user_mem_release  nrf_ble_qwr.o
    0x0002ebe8   0x0002ebe8   0x00000020   Code   RO         2026    i.on_user_mem_request  nrf_ble_qwr.o
    0x0002ec08   0x0002ec08   0x00000058   Code   RO         1106    i.on_write          ble_conn_params.o
    0x0002ec60   0x0002ec60   0x00000110   Code   RO          470    i.our_service_init  our_service.o
    0x0002ed70   0x0002ed70   0x00000044   Code   RO         4968    i.page_from_record  fds.o
    0x0002edb4   0x0002edb4   0x00000034   Code   RO         4969    i.page_has_space    fds.o
    0x0002ede8   0x0002ede8   0x00000030   Code   RO         4970    i.page_identify     fds.o
    0x0002ee18   0x0002ee18   0x0000001e   Code   RO         4971    i.page_is_erased    fds.o
    0x0002ee36   0x0002ee36   0x0000001c   Code   RO         4972    i.page_offsets_update  fds.o
    0x0002ee52   0x0002ee52   0x00000002   PAD
    0x0002ee54   0x0002ee54   0x00000078   Code   RO         4973    i.page_scan         fds.o
    0x0002eecc   0x0002eecc   0x00000020   Code   RO         4974    i.page_tag_write_data  fds.o
    0x0002eeec   0x0002eeec   0x00000024   Code   RO         4975    i.page_tag_write_swap  fds.o
    0x0002ef10   0x0002ef10   0x0000016c   Code   RO         4976    i.pages_init        fds.o
    0x0002f07c   0x0002f07c   0x00000014   Code   RO         2934    i.pairing           security_dispatcher.o
    0x0002f090   0x0002f090   0x00000054   Code   RO         2935    i.pairing_failure   security_dispatcher.o
    0x0002f0e4   0x0002f0e4   0x00000034   Code   RO         2936    i.pairing_success_evt_send  security_dispatcher.o
    0x0002f118   0x0002f118   0x00000010   Code   RO         3116    i.params_reply_pending_handle  security_manager.o
    0x0002f128   0x0002f128   0x0000002c   Code   RO         3117    i.params_req_send   security_manager.o
    0x0002f154   0x0002f154   0x00000020   Code   RO         2252    i.pdb_evt_send      peer_database.o
    0x0002f174   0x0002f174   0x00000040   Code   RO         2253    i.pdb_init          peer_database.o
    0x0002f1b4   0x0002f1b4   0x0000006c   Code   RO         2254    i.pdb_pds_evt_handler  peer_database.o
    0x0002f220   0x0002f220   0x00000016   Code   RO         2255    i.pdb_peer_data_ptr_get  peer_database.o
    0x0002f236   0x0002f236   0x00000052   Code   RO         2256    i.pdb_peer_free     peer_database.o
    0x0002f288   0x0002f288   0x000000cc   Code   RO         2257    i.pdb_write_buf_get  peer_database.o
    0x0002f354   0x0002f354   0x00000020   Code   RO         2258    i.pdb_write_buf_release  peer_database.o
    0x0002f374   0x0002f374   0x00000044   Code   RO         2259    i.pdb_write_buf_store  peer_database.o
    0x0002f3b8   0x0002f3b8   0x00000024   Code   RO         2080    i.pds_evt_send      peer_data_storage.o
    0x0002f3dc   0x0002f3dc   0x00000038   Code   RO         2081    i.pds_init          peer_data_storage.o
    0x0002f414   0x0002f414   0x0000000c   Code   RO         2082    i.pds_next_deleted_peer_id_get  peer_data_storage.o
    0x0002f420   0x0002f420   0x0000000c   Code   RO         2083    i.pds_next_peer_id_get  peer_data_storage.o
    0x0002f42c   0x0002f42c   0x0000006c   Code   RO         2086    i.pds_peer_data_iterate  peer_data_storage.o
    0x0002f498   0x0002f498   0x00000010   Code   RO         2087    i.pds_peer_data_iterate_prepare  peer_data_storage.o
    0x0002f4a8   0x0002f4a8   0x0000009a   Code   RO         2088    i.pds_peer_data_read  peer_data_storage.o
    0x0002f542   0x0002f542   0x00000096   Code   RO         2089    i.pds_peer_data_store  peer_data_storage.o
    0x0002f5d8   0x0002f5d8   0x0000000c   Code   RO         2090    i.pds_peer_id_allocate  peer_data_storage.o
    0x0002f5e4   0x0002f5e4   0x0000001e   Code   RO         2091    i.pds_peer_id_free  peer_data_storage.o
    0x0002f602   0x0002f602   0x0000000c   Code   RO         2092    i.pds_peer_id_is_allocated  peer_data_storage.o
    0x0002f60e   0x0002f60e   0x0000001c   Code   RO         2260    i.peer_data_const_point_to_buffer  peer_database.o
    0x0002f62a   0x0002f62a   0x00000002   PAD
    0x0002f62c   0x0002f62c   0x0000007c   Code   RO         2094    i.peer_data_delete_process  peer_data_storage.o
    0x0002f6a8   0x0002f6a8   0x00000040   Code   RO         2095    i.peer_data_find    peer_data_storage.o
    0x0002f6e8   0x0002f6e8   0x00000026   Code   RO         2096    i.peer_data_id_is_valid  peer_data_storage.o
    0x0002f70e   0x0002f70e   0x0000000a   Code   RO         2097    i.peer_data_id_to_record_key  peer_data_storage.o
    0x0002f718   0x0002f718   0x0000001a   Code   RO         2261    i.peer_data_point_to_buffer  peer_database.o
    0x0002f732   0x0002f732   0x00000002   PAD
    0x0002f734   0x0002f734   0x00000014   Code   RO         2404    i.peer_id_allocate  peer_id.o
    0x0002f748   0x0002f748   0x0000002c   Code   RO         2405    i.peer_id_delete    peer_id.o
    0x0002f774   0x0002f774   0x0000001c   Code   RO         2406    i.peer_id_free      peer_id.o
    0x0002f790   0x0002f790   0x00000014   Code   RO         2407    i.peer_id_get_next_deleted  peer_id.o
    0x0002f7a4   0x0002f7a4   0x00000038   Code   RO         2408    i.peer_id_get_next_used  peer_id.o
    0x0002f7dc   0x0002f7dc   0x00000010   Code   RO         2409    i.peer_id_init      peer_id.o
    0x0002f7ec   0x0002f7ec   0x0000001c   Code   RO         2410    i.peer_id_is_allocated  peer_id.o
    0x0002f808   0x0002f808   0x0000001c   Code   RO         2411    i.peer_id_is_deleted  peer_id.o
    0x0002f824   0x0002f824   0x0000000a   Code   RO         2098    i.peer_id_to_file_id  peer_data_storage.o
    0x0002f82e   0x0002f82e   0x00000046   Code   RO         2099    i.peer_ids_load     peer_data_storage.o
    0x0002f874   0x0002f874   0x0000010c   Code   RO           23    i.peer_manager_init  main.o
    0x0002f980   0x0002f980   0x00000016   Code   RO          958    i.phy_is_valid      ble_advertising.o
    0x0002f996   0x0002f996   0x00000002   PAD
    0x0002f998   0x0002f998   0x00000014   Code   RO         3559    i.pin_configured_set  nrfx_gpiote.o
    0x0002f9ac   0x0002f9ac   0x0000001c   Code   RO         3560    i.pin_in_use_by_gpiote  nrfx_gpiote.o
    0x0002f9c8   0x0002f9c8   0x00000018   Code   RO         3561    i.pin_in_use_by_port  nrfx_gpiote.o
    0x0002f9e0   0x0002f9e0   0x00000020   Code   RO         3562    i.pin_in_use_by_te  nrfx_gpiote.o
    0x0002fa00   0x0002fa00   0x0000000c   Code   RO         3563    i.pin_in_use_clear  nrfx_gpiote.o
    0x0002fa0c   0x0002fa0c   0x00000078   Code   RO         3943    i.pins_to_default   nrfx_uart.o
    0x0002fa84   0x0002fa84   0x0000007e   Code   RO         4185    i.pins_to_default   nrfx_uarte.o
    0x0002fb02   0x0002fb02   0x00000062   Code   RO         2811    i.pm_buffer_block_acquire  pm_buffer.o
    0x0002fb64   0x0002fb64   0x0000002a   Code   RO         2812    i.pm_buffer_init    pm_buffer.o
    0x0002fb8e   0x0002fb8e   0x00000030   Code   RO         2813    i.pm_buffer_ptr_get  pm_buffer.o
    0x0002fbbe   0x0002fbbe   0x00000028   Code   RO         2814    i.pm_buffer_release  pm_buffer.o
    0x0002fbe6   0x0002fbe6   0x00000012   Code   RO         2502    i.pm_conn_sec_config_reply  peer_manager.o
    0x0002fbf8   0x0002fbf8   0x00000188   Code   RO           24    i.pm_evt_handler    main.o
    0x0002fd80   0x0002fd80   0x0000000c   Code   RO         2507    i.pm_gcm_evt_handler  peer_manager.o
    0x0002fd8c   0x0002fd8c   0x0000000c   Code   RO         2508    i.pm_gscm_evt_handler  peer_manager.o
    0x0002fd98   0x0002fd98   0x0000000c   Code   RO         2511    i.pm_im_evt_handler  peer_manager.o
    0x0002fda4   0x0002fda4   0x00000068   Code   RO         2512    i.pm_init           peer_manager.o
    0x0002fe0c   0x0002fe0c   0x00000184   Code   RO         2516    i.pm_pdb_evt_handler  peer_manager.o
    0x0002ff90   0x0002ff90   0x00000020   Code   RO         2527    i.pm_peer_delete    peer_manager.o
    0x0002ffb0   0x0002ffb0   0x000000dc   Code   RO         2532    i.pm_peer_ranks_get  peer_manager.o
    0x0003008c   0x0003008c   0x00000080   Code   RO         2533    i.pm_peers_delete   peer_manager.o
    0x0003010c   0x0003010c   0x00000040   Code   RO         2536    i.pm_register       peer_manager.o
    0x0003014c   0x0003014c   0x00000024   Code   RO         2537    i.pm_sec_params_set  peer_manager.o
    0x00030170   0x00030170   0x00000016   Code   RO         2538    i.pm_sm_evt_handler  peer_manager.o
    0x00030186   0x00030186   0x00000002   PAD
    0x00030188   0x00030188   0x00000048   Code   RO         6686    i.postfix_process   nrf_log_str_formatter.o
    0x000301d0   0x000301d0   0x00000034   Code   RO           25    i.power_management_init  main.o
    0x00030204   0x00030204   0x000000a4   Code   RO         6687    i.prefix_process    nrf_log_str_formatter.o
    0x000302a8   0x000302a8   0x00000018   Code   RO         3865    i.prs_box_get       nrfx_prs.o
    0x000302c0   0x000302c0   0x00000020   Code   RO         4977    i.queue_buf_get     fds.o
    0x000302e0   0x000302e0   0x00000014   Code   RO         4978    i.queue_buf_store   fds.o
    0x000302f4   0x000302f4   0x00000014   Code   RO         4979    i.queue_free        fds.o
    0x00030308   0x00030308   0x00000018   Code   RO         5927    i.queue_free        nrf_fstorage_sd.o
    0x00030320   0x00030320   0x00000018   Code   RO         4980    i.queue_has_next    fds.o
    0x00030338   0x00030338   0x0000001c   Code   RO         4981    i.queue_init        fds.o
    0x00030354   0x00030354   0x00000014   Code   RO         4982    i.queue_load        fds.o
    0x00030368   0x00030368   0x0000002c   Code   RO         5928    i.queue_load_next   nrf_fstorage_sd.o
    0x00030394   0x00030394   0x000000c0   Code   RO         4983    i.queue_process     fds.o
    0x00030454   0x00030454   0x00000090   Code   RO         5929    i.queue_process     nrf_fstorage_sd.o
    0x000304e4   0x000304e4   0x00000018   Code   RO         4984    i.queue_start       fds.o
    0x000304fc   0x000304fc   0x0000001c   Code   RO         5930    i.queue_start       nrf_fstorage_sd.o
    0x00030518   0x00030518   0x00000010   Code   RO         7226    i.ram_end_address_get  nrf_sdh_ble.o
    0x00030528   0x00030528   0x00000030   Code   RO         2542    i.rank_vars_update  peer_manager.o
    0x00030558   0x00030558   0x0000001c   Code   RO         5931    i.read              nrf_fstorage_sd.o
    0x00030574   0x00030574   0x00000078   Code   RO         2262    i.reattempt_previous_operations  peer_database.o
    0x000305ec   0x000305ec   0x00000028   Code   RO         1214    i.record_activate   ble_conn_state.o
    0x00030614   0x00030614   0x0000008c   Code   RO         4985    i.record_find       fds.o
    0x000306a0   0x000306a0   0x0000003a   Code   RO         4986    i.record_find_and_delete  fds.o
    0x000306da   0x000306da   0x00000002   PAD
    0x000306dc   0x000306dc   0x0000007c   Code   RO         4987    i.record_find_by_desc  fds.o
    0x00030758   0x00030758   0x00000078   Code   RO         4988    i.record_find_next  fds.o
    0x000307d0   0x000307d0   0x0000003c   Code   RO         4989    i.record_header_flag_dirty  fds.o
    0x0003080c   0x0003080c   0x0000002c   Code   RO         4990    i.record_header_write_begin  fds.o
    0x00030838   0x00030838   0x00000038   Code   RO         4991    i.record_header_write_finalize  fds.o
    0x00030870   0x00030870   0x00000038   Code   RO         4992    i.record_header_write_id  fds.o
    0x000308a8   0x000308a8   0x00000010   Code   RO         4993    i.record_id_new     fds.o
    0x000308b8   0x000308b8   0x00000020   Code   RO         1215    i.record_invalidate  ble_conn_state.o
    0x000308d8   0x000308d8   0x00000006   Code   RO         2100    i.record_key_to_peer_data_id  peer_data_storage.o
    0x000308de   0x000308de   0x00000018   Code   RO         2101    i.record_key_within_pm_range  peer_data_storage.o
    0x000308f6   0x000308f6   0x00000002   PAD
    0x000308f8   0x000308f8   0x00000048   Code   RO         1216    i.record_purge_disconnected  ble_conn_state.o
    0x00030940   0x00030940   0x00000014   Code   RO         1217    i.record_set_disconnected  ble_conn_state.o
    0x00030954   0x00030954   0x00000030   Code   RO         4994    i.record_write_data  fds.o
    0x00030984   0x00030984   0x00000014   Code   RO         2413    i.release           peer_id.o
    0x00030998   0x00030998   0x00000006   Code   RO         5932    i.rmap              nrf_fstorage_sd.o
    0x0003099e   0x0003099e   0x00000002   PAD
    0x000309a0   0x000309a0   0x0000000c   Code   RO         4609    i.rtc1_compare0_set  app_timer.o
    0x000309ac   0x000309ac   0x0000000c   Code   RO         4610    i.rtc1_counter_get  app_timer.o
    0x000309b8   0x000309b8   0x00000018   Code   RO         4611    i.rtc1_init         app_timer.o
    0x000309d0   0x000309d0   0x0000003c   Code   RO         4612    i.rtc1_start        app_timer.o
    0x00030a0c   0x00030a0c   0x00000058   Code   RO         4613    i.rtc1_stop         app_timer.o
    0x00030a64   0x00030a64   0x0000003e   Code   RO         3944    i.rx_byte           nrfx_uart.o
    0x00030aa2   0x00030aa2   0x0000001c   Code   RO         3945    i.rx_done_event     nrfx_uart.o
    0x00030abe   0x00030abe   0x0000001c   Code   RO         4186    i.rx_done_event     nrfx_uarte.o
    0x00030ada   0x00030ada   0x00000002   PAD
    0x00030adc   0x00030adc   0x00000020   Code   RO         1464    i.sc_send_pending_handle  gatt_cache_manager.o
    0x00030afc   0x00030afc   0x00000098   Code   RO         7107    i.sd_nvic_EnableIRQ  nrf_sdh.o
    0x00030b94   0x00030b94   0x00000068   Code   RO         4824    i.sd_nvic_critical_region_enter  app_util_platform.o
    0x00030bfc   0x00030bfc   0x0000003c   Code   RO         7108    i.sdh_request_observer_notify  nrf_sdh.o
    0x00030c38   0x00030c38   0x00000034   Code   RO         7109    i.sdh_state_observer_notify  nrf_sdh.o
    0x00030c6c   0x00030c6c   0x000000b0   Code   RO         2937    i.sec_info_request_process  security_dispatcher.o
    0x00030d1c   0x00030d1c   0x00000074   Code   RO         2938    i.sec_keyset_fill   security_dispatcher.o
    0x00030d90   0x00030d90   0x00000030   Code   RO         2939    i.sec_params_request_process  security_dispatcher.o
    0x00030dc0   0x00030dc0   0x000000e8   Code   RO         3118    i.sec_params_verify  security_manager.o
    0x00030ea8   0x00030ea8   0x00000058   Code   RO         2940    i.sec_proc_start    security_dispatcher.o
    0x00030f00   0x00030f00   0x0000005c   Code   RO         3119    i.sec_req_process   security_manager.o
    0x00030f5c   0x00030f5c   0x00000028   Code   RO         2941    i.sec_start_send    security_dispatcher.o
    0x00030f84   0x00030f84   0x00000022   Code   RO         2942    i.send_config_req   security_dispatcher.o
    0x00030fa6   0x00030fa6   0x00000002   PAD
    0x00030fa8   0x00030fa8   0x00000018   Code   RO         1107    i.send_error_evt    ble_conn_params.o
    0x00030fc0   0x00030fc0   0x00000028   Code   RO         2943    i.send_params_req   security_dispatcher.o
    0x00030fe8   0x00030fe8   0x00000024   Code   RO         2944    i.send_storage_full_evt  security_dispatcher.o
    0x0003100c   0x0003100c   0x00000028   Code   RO         1465    i.send_unexpected_error  gatt_cache_manager.o
    0x00031034   0x00031034   0x0000002c   Code   RO         2102    i.send_unexpected_error  peer_data_storage.o
    0x00031060   0x00031060   0x00000028   Code   RO         2945    i.send_unexpected_error  security_dispatcher.o
    0x00031088   0x00031088   0x00000024   Code   RO         1108    i.send_update_request  ble_conn_params.o
    0x000310ac   0x000310ac   0x00000088   Code   RO         6367    i.serial_tx         nrf_log_backend_uart.o
    0x00031134   0x00031134   0x0000007c   Code   RO         1466    i.service_changed_cccd  gatt_cache_manager.o
    0x000311b0   0x000311b0   0x00000020   Code   RO         1467    i.service_changed_needed  gatt_cache_manager.o
    0x000311d0   0x000311d0   0x00000018   Code   RO         1468    i.service_changed_pending_flags_check  gatt_cache_manager.o
    0x000311e8   0x000311e8   0x0000007c   Code   RO         1647    i.service_changed_pending_set  gatts_cache_manager.o
    0x00031264   0x00031264   0x000000bc   Code   RO         1469    i.service_changed_send_in_evt  gatt_cache_manager.o
    0x00031320   0x00031320   0x00000096   Code   RO          827    i.service_data_encode  ble_advdata.o
    0x000313b6   0x000313b6   0x00000002   PAD
    0x000313b8   0x000313b8   0x00000050   Code   RO           26    i.services_init     main.o
    0x00031408   0x00031408   0x00000030   Code   RO          959    i.set_adv_mode_directed  ble_advertising.o
    0x00031438   0x00031438   0x00000024   Code   RO          960    i.set_adv_mode_directed_high_duty  ble_advertising.o
    0x0003145c   0x0003145c   0x0000005c   Code   RO          961    i.set_adv_mode_fast  ble_advertising.o
    0x000314b8   0x000314b8   0x0000005c   Code   RO          962    i.set_adv_mode_slow  ble_advertising.o
    0x00031514   0x00031514   0x00000070   Code   RO           27    i.sleep_mode_enter  main.o
    0x00031584   0x00031584   0x00000034   Code   RO         3120    i.sm_ble_evt_handler  security_manager.o
    0x000315b8   0x000315b8   0x00000010   Code   RO         3121    i.sm_conn_sec_config_reply  security_manager.o
    0x000315c8   0x000315c8   0x00000044   Code   RO         3122    i.sm_init           security_manager.o
    0x0003160c   0x0003160c   0x00000058   Code   RO         3125    i.sm_pdb_evt_handler  security_manager.o
    0x00031664   0x00031664   0x00000048   Code   RO         3127    i.sm_sec_params_set  security_manager.o
    0x000316ac   0x000316ac   0x00000032   Code   RO         3128    i.sm_smd_evt_handler  security_manager.o
    0x000316de   0x000316de   0x0000004c   Code   RO         2946    i.smd_ble_evt_handler  security_dispatcher.o
    0x0003172a   0x0003172a   0x00000002   PAD
    0x0003172c   0x0003172c   0x00000018   Code   RO         2947    i.smd_conn_sec_config_reply  security_dispatcher.o
    0x00031744   0x00031744   0x0000005c   Code   RO         2948    i.smd_init          security_dispatcher.o
    0x000317a0   0x000317a0   0x00000028   Code   RO         2949    i.smd_link_secure   security_dispatcher.o
    0x000317c8   0x000317c8   0x000000c0   Code   RO         2950    i.smd_params_reply  security_dispatcher.o
    0x00031888   0x00031888   0x00000040   Code   RO         3129    i.smd_params_reply_perform  security_manager.o
    0x000318c8   0x000318c8   0x000000ac   Code   RO         7110    i.softdevice_evt_irq_disable  nrf_sdh.o
    0x00031974   0x00031974   0x00000060   Code   RO         7111    i.softdevices_evt_irq_enable  nrf_sdh.o
    0x000319d4   0x000319d4   0x00000026   Code   RO          762    i.startup_event_extract  bsp_btn_ble.o
    0x000319fa   0x000319fa   0x00000002   PAD
    0x000319fc   0x000319fc   0x00000064   Code   RO         6504    i.std_header_set    nrf_log_frontend.o
    0x00031a60   0x00031a60   0x00000070   Code   RO         6505    i.std_n             nrf_log_frontend.o
    0x00031ad0   0x00031ad0   0x0000004c   Code   RO         1470    i.store_car_value   gatt_cache_manager.o
    0x00031b1c   0x00031b1c   0x00000074   Code   RO         5786    i.string_print      nrf_fprintf_format.o
    0x00031b90   0x00031b90   0x0000000a   Code   RO         4614    i.ticks_diff_get    app_timer.o
    0x00031b9a   0x00031b9a   0x0000000c   Code   RO         4615    i.timeout_handler_exec  app_timer.o
    0x00031ba6   0x00031ba6   0x00000002   PAD
    0x00031ba8   0x00031ba8   0x00000050   Code   RO         4616    i.timer_list_handler  app_timer.o
    0x00031bf8   0x00031bf8   0x0000000a   Code   RO         4617    i.timer_list_handler_sched  app_timer.o
    0x00031c02   0x00031c02   0x00000002   PAD
    0x00031c04   0x00031c04   0x00000068   Code   RO         4618    i.timer_list_insert  app_timer.o
    0x00031c6c   0x00031c6c   0x00000088   Code   RO         4619    i.timer_list_remove  app_timer.o
    0x00031cf4   0x00031cf4   0x0000005e   Code   RO         4620    i.timer_start_op_schedule  app_timer.o
    0x00031d52   0x00031d52   0x00000042   Code   RO         4621    i.timer_stop_op_schedule  app_timer.o
    0x00031d94   0x00031d94   0x00000098   Code   RO         4622    i.timer_timeouts_check  app_timer.o
    0x00031e2c   0x00031e2c   0x0000000a   Code   RO         4623    i.timer_timeouts_check_sched  app_timer.o
    0x00031e36   0x00031e36   0x00000002   PAD
    0x00031e38   0x00031e38   0x00000030   Code   RO           28    i.timers_init       main.o
    0x00031e68   0x00031e68   0x00000002   Code   RO         6688    i.timestamp_print   nrf_log_str_formatter.o
    0x00031e6a   0x00031e6a   0x00000036   Code   RO         3947    i.tx_blocking       nrfx_uart.o
    0x00031ea0   0x00031ea0   0x00000026   Code   RO         3948    i.tx_byte           nrfx_uart.o
    0x00031ec6   0x00031ec6   0x00000020   Code   RO         3949    i.tx_done_event     nrfx_uart.o
    0x00031ee6   0x00031ee6   0x00000020   Code   RO         4187    i.tx_done_event     nrfx_uarte.o
    0x00031f06   0x00031f06   0x00000036   Code   RO          828    i.tx_power_level_encode  ble_advdata.o
    0x00031f3c   0x00031f3c   0x00000038   Code   RO         3298    i.uart_evt_handler  nrf_drv_uart.o
    0x00031f74   0x00031f74   0x0000000c   Code   RO         6368    i.uart_evt_handler  nrf_log_backend_uart.o
    0x00031f80   0x00031f80   0x00000068   Code   RO         6369    i.uart_init         nrf_log_backend_uart.o
    0x00031fe8   0x00031fe8   0x0000014c   Code   RO         3950    i.uart_irq_handler  nrfx_uart.o
    0x00032134   0x00032134   0x00000038   Code   RO         3299    i.uarte_evt_handler  nrf_drv_uart.o
    0x0003216c   0x0003216c   0x00000104   Code   RO         4188    i.uarte_irq_handler  nrfx_uarte.o
    0x00032270   0x00032270   0x0000000c   Code   RO         1383    i.uint16_decode     ble_srv_common.o
    0x0003227c   0x0003227c   0x0000000c   Code   RO          829    i.uint16_encode     ble_advdata.o
    0x00032288   0x00032288   0x00000024   Code   RO         5933    i.uninit            nrf_fstorage_sd.o
    0x000322ac   0x000322ac   0x000000b8   Code   RO         5787    i.unsigned_print    nrf_fprintf_format.o
    0x00032364   0x00032364   0x00000034   Code   RO         1471    i.update_pending_flags_check  gatt_cache_manager.o
    0x00032398   0x00032398   0x00000074   Code   RO         1109    i.update_timeout_handler  ble_conn_params.o
    0x0003240c   0x0003240c   0x0000001e   Code   RO          963    i.use_whitelist     ble_advertising.o
    0x0003242a   0x0003242a   0x00000002   PAD
    0x0003242c   0x0003242c   0x00000014   Code   RO         1218    i.user_flag_is_acquired  ble_conn_state.o
    0x00032440   0x00032440   0x0000002c   Code   RO         2027    i.user_mem_reply    nrf_ble_qwr.o
    0x0003246c   0x0003246c   0x0000003c   Code   RO         4624    i.user_op_alloc     app_timer.o
    0x000324a8   0x000324a8   0x0000000c   Code   RO         4625    i.user_op_enque     app_timer.o
    0x000324b4   0x000324b4   0x0000004e   Code   RO          830    i.uuid_list_encode  ble_advdata.o
    0x00032502   0x00032502   0x000000d6   Code   RO          831    i.uuid_list_sized_encode  ble_advdata.o
    0x000325d8   0x000325d8   0x00000054   Code   RO          657    i.wakeup_button_cfg  bsp.o
    0x0003262c   0x0003262c   0x00000008   Code   RO          964    i.whitelist_has_entries  ble_advertising.o
    0x00032634   0x00032634   0x00000006   Code   RO         5934    i.wmap              nrf_fstorage_sd.o
    0x0003263a   0x0003263a   0x00000002   PAD
    0x0003263c   0x0003263c   0x00000054   Code   RO         5935    i.write             nrf_fstorage_sd.o
    0x00032690   0x00032690   0x00000038   Code   RO         2263    i.write_buf_length_words_set  peer_database.o
    0x000326c8   0x000326c8   0x000000ac   Code   RO         2264    i.write_buf_store   peer_database.o
    0x00032774   0x00032774   0x00000048   Code   RO         2265    i.write_buf_store_in_event  peer_database.o
    0x000327bc   0x000327bc   0x00000024   Code   RO         2266    i.write_buffer_record_acquire  peer_database.o
    0x000327e0   0x000327e0   0x0000004c   Code   RO         2267    i.write_buffer_record_find  peer_database.o
    0x0003282c   0x0003282c   0x00000034   Code   RO         2268    i.write_buffer_record_find_next  peer_database.o
    0x00032860   0x00032860   0x00000030   Code   RO         2269    i.write_buffer_record_find_stored  peer_database.o
    0x00032890   0x00032890   0x0000000e   Code   RO         2270    i.write_buffer_record_find_unused  peer_database.o
    0x0003289e   0x0003289e   0x00000024   Code   RO         2271    i.write_buffer_record_invalidate  peer_database.o
    0x000328c2   0x000328c2   0x00000002   PAD
    0x000328c4   0x000328c4   0x00000028   Code   RO         2272    i.write_buffer_record_release  peer_database.o
    0x000328ec   0x000328ec   0x000000e0   Code   RO         4996    i.write_enqueue     fds.o
    0x000329cc   0x000329cc   0x000000c4   Code   RO         4997    i.write_execute     fds.o
    0x00032a90   0x00032a90   0x00000058   Code   RO         5936    i.write_execute     nrf_fstorage_sd.o
    0x00032ae8   0x00032ae8   0x00000024   Code   RO         4998    i.write_space_free  fds.o
    0x00032b0c   0x00032b0c   0x00000078   Code   RO         4999    i.write_space_reserve  fds.o
    0x00032b84   0x00032b84   0x00000010   Data   RO          471    .constdata          our_service.o
    0x00032b94   0x00032b94   0x00000004   Data   RO          522    .constdata          boards.o
    0x00032b98   0x00032b98   0x00000014   Data   RO          659    .constdata          bsp.o
    0x00032bac   0x00032bac   0x0000007c   Data   RO         1472    .constdata          gatt_cache_manager.o
    0x00032c28   0x00032c28   0x00000018   Data   RO         1648    .constdata          gatts_cache_manager.o
    0x00032c40   0x00032c40   0x00000008   Data   RO         1756    .constdata          id_manager.o
    0x00032c48   0x00032c48   0x00000016   Data   RO         1917    .constdata          nrf_ble_gatt.o
    0x00032c5e   0x00032c5e   0x00000002   PAD
    0x00032c60   0x00032c60   0x0000001c   Data   RO         2103    .constdata          peer_data_storage.o
    0x00032c7c   0x00032c7c   0x00000010   Data   RO         2274    .constdata          peer_database.o
    0x00032c8c   0x00032c8c   0x0000008c   Data   RO         2952    .constdata          security_dispatcher.o
    0x00032d18   0x00032d18   0x00000004   Data   RO         3130    .constdata          security_manager.o
    0x00032d1c   0x00032d1c   0x0000003e   Data   RO         3565    .constdata          nrfx_gpiote.o
    0x00032d5a   0x00032d5a   0x00000002   PAD
    0x00032d5c   0x00032d5c   0x0000002e   Data   RO         3952    .constdata          nrfx_uart.o
    0x00032d8a   0x00032d8a   0x00000002   PAD
    0x00032d8c   0x00032d8c   0x00000030   Data   RO         4190    .constdata          nrfx_uarte.o
    0x00032dbc   0x00032dbc   0x00000007   Data   RO         4376    .constdata          app_button.o
    0x00032dc3   0x00032dc3   0x0000000d   PAD
    0x00032dd0   0x00032dd0   0x00000006   Data   RO         4627    .constdata          app_timer.o
    0x00032dd6   0x00032dd6   0x00000002   PAD
    0x00032dd8   0x00032dd8   0x00000018   Data   RO         5001    .constdata          fds.o
    0x00032df0   0x00032df0   0x00000010   Data   RO         5788    .constdata          nrf_fprintf_format.o
    0x00032e00   0x00032e00   0x0000005e   Data   RO         5839    .constdata          nrf_fstorage.o
    0x00032e5e   0x00032e5e   0x00000002   PAD
    0x00032e60   0x00032e60   0x00000030   Data   RO         5938    .constdata          nrf_fstorage_sd.o
    0x00032e90   0x00032e90   0x00000024   Data   RO         6140    .constdata          nrf_pwr_mgmt.o
    0x00032eb4   0x00032eb4   0x0000013c   Data   RO         6244    .constdata          nrf_strerror.o
    0x00032ff0   0x00032ff0   0x0000002c   Data   RO         6371    .constdata          nrf_log_backend_uart.o
    0x0003301c   0x0003301c   0x00000010   Data   RO         7051    .constdata          segger_rtt_printf.o
    0x0003302c   0x0003302c   0x00000058   Data   RO         7112    .constdata          nrf_sdh.o
    0x00033084   0x00033084   0x00000030   Data   RO         7227    .constdata          nrf_sdh_ble.o
    0x000330b4   0x000330b4   0x0000001c   Data   RO         7279    .constdata          nrf_sdh_soc.o
    0x000330d0   0x000330d0   0x00000081   Data   RO         7421    .constdata          mc_w.l(ctype_o.o)
    0x00033151   0x00033151   0x00000003   PAD
    0x00033154   0x00033154   0x00000004   Data   RO         7422    .constdata          mc_w.l(ctype_o.o)
    0x00033158   0x00033158   0x000000a2   Data   RO         1918    .conststring        nrf_ble_gatt.o
    0x000331fa   0x000331fa   0x00000002   PAD
    0x000331fc   0x000331fc   0x0000004f   Data   RO         5840    .conststring        nrf_fstorage.o
    0x0003324b   0x0003324b   0x00000001   PAD
    0x0003324c   0x0003324c   0x000003eb   Data   RO         6245    .conststring        nrf_strerror.o
    0x00033637   0x00033637   0x00000001   PAD
    0x00033638   0x00033638   0x00000053   Data   RO         6372    .conststring        nrf_log_backend_uart.o
    0x0003368b   0x0003368b   0x00000001   PAD
    0x0003368c   0x0003368c   0x00000066   Data   RO         6689    .conststring        nrf_log_str_formatter.o
    0x000336f2   0x000336f2   0x00000002   PAD
    0x000336f4   0x000336f4   0x00000188   Data   RO         7228    .conststring        nrf_sdh_ble.o
    0x0003387c   0x0003387c   0x00000011   Data   RO         1473    .conststrlit        gatt_cache_manager.o
    0x0003388d   0x0003388d   0x00000003   PAD
    0x00033890   0x00033890   0x00000012   Data   RO         1649    .conststrlit        gatts_cache_manager.o
    0x000338a2   0x000338a2   0x00000002   PAD
    0x000338a4   0x000338a4   0x00000010   Data   RO         1757    .conststrlit        id_manager.o
    0x000338b4   0x000338b4   0x0000000d   Data   RO         1919    .conststrlit        nrf_ble_gatt.o
    0x000338c1   0x000338c1   0x00000003   PAD
    0x000338c4   0x000338c4   0x00000011   Data   RO         2104    .conststrlit        peer_data_storage.o
    0x000338d5   0x000338d5   0x00000003   PAD
    0x000338d8   0x000338d8   0x00000011   Data   RO         2275    .conststrlit        peer_database.o
    0x000338e9   0x000338e9   0x00000003   PAD
    0x000338ec   0x000338ec   0x0000000d   Data   RO         2545    .conststrlit        peer_manager.o
    0x000338f9   0x000338f9   0x00000003   PAD
    0x000338fc   0x000338fc   0x00000011   Data   RO         2953    .conststrlit        security_dispatcher.o
    0x0003390d   0x0003390d   0x00000003   PAD
    0x00033910   0x00033910   0x00000010   Data   RO         3131    .conststrlit        security_manager.o
    0x00033920   0x00033920   0x00000006   Data   RO         3371    .conststrlit        nrfx_clock.o
    0x00033926   0x00033926   0x00000002   PAD
    0x00033928   0x00033928   0x00000007   Data   RO         3566    .conststrlit        nrfx_gpiote.o
    0x0003392f   0x0003392f   0x00000001   PAD
    0x00033930   0x00033930   0x00000004   Data   RO         3867    .conststrlit        nrfx_prs.o
    0x00033934   0x00033934   0x00000005   Data   RO         3953    .conststrlit        nrfx_uart.o
    0x00033939   0x00033939   0x00000003   PAD
    0x0003393c   0x0003393c   0x00000006   Data   RO         4191    .conststrlit        nrfx_uarte.o
    0x00033942   0x00033942   0x00000002   PAD
    0x00033944   0x00033944   0x0000000f   Data   RO         5002    .conststrlit        fds.o
    0x00033953   0x00033953   0x00000001   PAD
    0x00033954   0x00033954   0x0000000d   Data   RO         5841    .conststrlit        nrf_fstorage.o
    0x00033961   0x00033961   0x00000003   PAD
    0x00033964   0x00033964   0x0000000e   Data   RO         5939    .conststrlit        nrf_fstorage_sd.o
    0x00033972   0x00033972   0x00000002   PAD
    0x00033974   0x00033974   0x00000009   Data   RO         6141    .conststrlit        nrf_pwr_mgmt.o
    0x0003397d   0x0003397d   0x00000003   PAD
    0x00033980   0x00033980   0x00000018   Data   RO         6507    .conststrlit        nrf_log_frontend.o
    0x00033998   0x00033998   0x00000008   Data   RO         7113    .conststrlit        nrf_sdh.o
    0x000339a0   0x000339a0   0x0000000c   Data   RO         7229    .conststrlit        nrf_sdh_ble.o
    0x000339ac   0x000339ac   0x0000000c   Data   RO         7280    .conststrlit        nrf_sdh_soc.o
    0x000339b8   0x000339b8   0x00000020   Data   RO         7482    Region$$Table       anon$$obj.o
    0x000339d8   0x000339d8   0x00000008   Data   RO         1475    log_const_data      gatt_cache_manager.o
    0x000339e0   0x000339e0   0x00000008   Data   RO         1651    log_const_data      gatts_cache_manager.o
    0x000339e8   0x000339e8   0x00000008   Data   RO         1759    log_const_data      id_manager.o
    0x000339f0   0x000339f0   0x00000008   Data   RO         1920    log_const_data      nrf_ble_gatt.o
    0x000339f8   0x000339f8   0x00000008   Data   RO         2106    log_const_data      peer_data_storage.o
    0x00033a00   0x00033a00   0x00000008   Data   RO         2277    log_const_data      peer_database.o
    0x00033a08   0x00033a08   0x00000008   Data   RO         2547    log_const_data      peer_manager.o
    0x00033a10   0x00033a10   0x00000008   Data   RO         2955    log_const_data      security_dispatcher.o
    0x00033a18   0x00033a18   0x00000008   Data   RO         3133    log_const_data      security_manager.o
    0x00033a20   0x00033a20   0x00000008   Data   RO         3373    log_const_data      nrfx_clock.o
    0x00033a28   0x00033a28   0x00000008   Data   RO         3567    log_const_data      nrfx_gpiote.o
    0x00033a30   0x00033a30   0x00000008   Data   RO         3869    log_const_data      nrfx_prs.o
    0x00033a38   0x00033a38   0x00000008   Data   RO         3954    log_const_data      nrfx_uart.o
    0x00033a40   0x00033a40   0x00000008   Data   RO         4192    log_const_data      nrfx_uarte.o
    0x00033a48   0x00033a48   0x00000008   Data   RO         5005    log_const_data      fds.o
    0x00033a50   0x00033a50   0x00000008   Data   RO         5842    log_const_data      nrf_fstorage.o
    0x00033a58   0x00033a58   0x00000008   Data   RO         5941    log_const_data      nrf_fstorage_sd.o
    0x00033a60   0x00033a60   0x00000008   Data   RO         6143    log_const_data      nrf_pwr_mgmt.o
    0x00033a68   0x00033a68   0x00000010   Data   RO         6509    log_const_data      nrf_log_frontend.o
    0x00033a78   0x00033a78   0x00000008   Data   RO         7115    log_const_data      nrf_sdh.o
    0x00033a80   0x00033a80   0x00000008   Data   RO         7231    log_const_data      nrf_sdh_ble.o
    0x00033a88   0x00033a88   0x00000008   Data   RO         7281    log_const_data      nrf_sdh_soc.o
    0x00033a90   0x00033a90   0x00000018   Data   RO         6511    nrf_balloc          nrf_log_frontend.o
    0x00033aa8   0x00033aa8   0x00000008   Data   RO         1220    sdh_ble_observers0  ble_conn_state.o
    0x00033ab0   0x00033ab0   0x00000010   Data   RO           31    sdh_ble_observers1  main.o
    0x00033ac0   0x00033ac0   0x00000008   Data   RO          764    sdh_ble_observers1  bsp_btn_ble.o
    0x00033ac8   0x00033ac8   0x00000008   Data   RO         1112    sdh_ble_observers1  ble_conn_params.o
    0x00033ad0   0x00033ad0   0x00000008   Data   RO         2549    sdh_ble_observers1  peer_manager.o
    0x00033ad8   0x00033ad8   0x00000008   Data   RO           32    sdh_ble_observers2  main.o
    0x00033ae0   0x00033ae0   0x00000008   Data   RO           33    sdh_ble_observers3  main.o
    0x00033ae8   0x00033ae8   0x00000008   Data   RO         5943    sdh_req_observers0  nrf_fstorage_sd.o
    0x00033af0   0x00033af0   0x00000008   Data   RO         5944    sdh_soc_observers0  nrf_fstorage_sd.o
    0x00033af8   0x00033af8   0x00000008   Data   RO           34    sdh_soc_observers1  main.o
    0x00033b00   0x00033b00   0x00000008   Data   RO         7233    sdh_stack_observers0  nrf_sdh_ble.o
    0x00033b08   0x00033b08   0x00000008   Data   RO         7283    sdh_stack_observers0  nrf_sdh_soc.o
    0x00033b10   0x00033b10   0x00000008   Data   RO         5945    sdh_state_observers0  nrf_fstorage_sd.o


    Execution Region RW_IRAM1 (Exec base: 0x20002220, Load base: 0x00033b18, Size: 0x00001b48, Max: 0x0000dde0, ABSOLUTE, COMPRESSED[0x00000064])

    Exec Addr    Load Addr    Size         Type   Attr      Idx    E Section Name        Object

    0x20002220   COMPRESSED   0x00000008   Data   RW           30    .data               main.o
    0x20002228   COMPRESSED   0x00000015   Data   RW          660    .data               bsp.o
    0x2000223d   COMPRESSED   0x00000003   PAD
    0x20002240   COMPRESSED   0x00000008   Data   RW          763    .data               bsp_btn_ble.o
    0x20002248   COMPRESSED   0x00000008   Data   RW         1111    .data               ble_conn_params.o
    0x20002250   COMPRESSED   0x00000013   Data   RW         1474    .data               gatt_cache_manager.o
    0x20002263   COMPRESSED   0x00000001   PAD
    0x20002264   COMPRESSED   0x0000000a   Data   RW         1650    .data               gatts_cache_manager.o
    0x2000226e   COMPRESSED   0x00000002   PAD
    0x20002270   COMPRESSED   0x0000000c   Data   RW         2105    .data               peer_data_storage.o
    0x2000227c   COMPRESSED   0x00000008   Data   RW         2276    .data               peer_database.o
    0x20002284   COMPRESSED   0x0000000f   Data   RW         2546    .data               peer_manager.o
    0x20002293   COMPRESSED   0x00000005   Data   RW         2954    .data               security_dispatcher.o
    0x20002298   COMPRESSED   0x00000018   Data   RW         3132    .data               security_manager.o
    0x200022b0   COMPRESSED   0x00000009   Data   RW         3300    .data               nrf_drv_uart.o
    0x200022b9   COMPRESSED   0x00000003   PAD
    0x200022bc   COMPRESSED   0x00000008   Data   RW         3372    .data               nrfx_clock.o
    0x200022c4   COMPRESSED   0x00000008   Data   RW         3868    .data               nrfx_prs.o
    0x200022cc   COMPRESSED   0x00000004   PAD
    0x200022d0   COMPRESSED   0x00000020   Data   RW         4377    .data               app_button.o
    0x200022f0   COMPRESSED   0x00000014   Data   RW         4628    .data               app_timer.o
    0x20002304   COMPRESSED   0x00000044   Data   RW         5003    .data               fds.o
    0x20002348   COMPRESSED   0x0000001c   Data   RW         5940    .data               nrf_fstorage_sd.o
    0x20002364   COMPRESSED   0x00000009   Data   RW         6142    .data               nrf_pwr_mgmt.o
    0x2000236d   COMPRESSED   0x00000003   PAD
    0x20002370   COMPRESSED   0x00000016   Data   RW         6373    .data               nrf_log_backend_uart.o
    0x20002386   COMPRESSED   0x00000002   PAD
    0x20002388   COMPRESSED   0x0000000c   Data   RW         6443    .data               nrf_log_default_backends.o
    0x20002394   COMPRESSED   0x00000010   Data   RW         6508    .data               nrf_log_frontend.o
    0x200023a4   COMPRESSED   0x00000040   Data   RW         6690    .data               nrf_log_str_formatter.o
    0x200023e4   COMPRESSED   0x00000003   Data   RW         7114    .data               nrf_sdh.o
    0x200023e7   COMPRESSED   0x00000001   Data   RW         7230    .data               nrf_sdh_ble.o
    0x200023e8   COMPRESSED   0x00000004   Data   RW         7329    .data               system_nrf52.o
    0x200023ec   COMPRESSED   0x00000014   Data   RW         5004    fs_data             fds.o
    0x20002400   COMPRESSED   0x00000004   Data   RW         1476    log_dynamic_data    gatt_cache_manager.o
    0x20002404   COMPRESSED   0x00000004   Data   RW         1652    log_dynamic_data    gatts_cache_manager.o
    0x20002408   COMPRESSED   0x00000004   Data   RW         1760    log_dynamic_data    id_manager.o
    0x2000240c   COMPRESSED   0x00000004   Data   RW         1921    log_dynamic_data    nrf_ble_gatt.o
    0x20002410   COMPRESSED   0x00000004   Data   RW         2107    log_dynamic_data    peer_data_storage.o
    0x20002414   COMPRESSED   0x00000004   Data   RW         2278    log_dynamic_data    peer_database.o
    0x20002418   COMPRESSED   0x00000004   Data   RW         2548    log_dynamic_data    peer_manager.o
    0x2000241c   COMPRESSED   0x00000004   Data   RW         2956    log_dynamic_data    security_dispatcher.o
    0x20002420   COMPRESSED   0x00000004   Data   RW         3134    log_dynamic_data    security_manager.o
    0x20002424   COMPRESSED   0x00000004   Data   RW         3374    log_dynamic_data    nrfx_clock.o
    0x20002428   COMPRESSED   0x00000004   Data   RW         3568    log_dynamic_data    nrfx_gpiote.o
    0x2000242c   COMPRESSED   0x00000004   Data   RW         3870    log_dynamic_data    nrfx_prs.o
    0x20002430   COMPRESSED   0x00000004   Data   RW         3955    log_dynamic_data    nrfx_uart.o
    0x20002434   COMPRESSED   0x00000004   Data   RW         4193    log_dynamic_data    nrfx_uarte.o
    0x20002438   COMPRESSED   0x00000004   Data   RW         5006    log_dynamic_data    fds.o
    0x2000243c   COMPRESSED   0x00000004   Data   RW         5843    log_dynamic_data    nrf_fstorage.o
    0x20002440   COMPRESSED   0x00000004   Data   RW         5942    log_dynamic_data    nrf_fstorage_sd.o
    0x20002444   COMPRESSED   0x00000004   Data   RW         6144    log_dynamic_data    nrf_pwr_mgmt.o
    0x20002448   COMPRESSED   0x00000008   Data   RW         6510    log_dynamic_data    nrf_log_frontend.o
    0x20002450   COMPRESSED   0x00000004   Data   RW         7116    log_dynamic_data    nrf_sdh.o
    0x20002454   COMPRESSED   0x00000004   Data   RW         7232    log_dynamic_data    nrf_sdh_ble.o
    0x20002458   COMPRESSED   0x00000004   Data   RW         7282    log_dynamic_data    nrf_sdh_soc.o
    0x2000245c        -       0x00000278   Zero   RW           29    .bss                main.o
    0x200026d4        -       0x00000060   Zero   RW          658    .bss                bsp.o
    0x20002734        -       0x00000050   Zero   RW         1110    .bss                ble_conn_params.o
    0x20002784        -       0x00000078   Zero   RW         1219    .bss                ble_conn_state.o
    0x200027fc        -       0x000000d8   Zero   RW         1755    .bss                id_manager.o
    0x200028d4        -       0x000000c8   Zero   RW         2273    .bss                peer_database.o
    0x2000299c        -       0x00000040   Zero   RW         2414    .bss                peer_id.o
    0x200029dc        -       0x0000000c   Zero   RW         2543    .bss                peer_manager.o
    0x200029e8        -       0x00000040   Zero   RW         2951    .bss                security_dispatcher.o
    0x20002a28        -       0x0000005c   Zero   RW         3564    .bss                nrfx_gpiote.o
    0x20002a84        -       0x0000002c   Zero   RW         3951    .bss                nrfx_uart.o
    0x20002ab0        -       0x00000024   Zero   RW         4189    .bss                nrfx_uarte.o
    0x20002ad4        -       0x00000020   Zero   RW         4375    .bss                app_button.o
    0x20002af4        -       0x00000020   Zero   RW         4436    .bss                app_error.o
    0x20002b14        -       0x0000010c   Zero   RW         4626    .bss                app_timer.o
    0x20002c20        -       0x0000000c   Zero   RW         4825    .bss                app_util_platform.o
    0x20002c2c        -       0x000000e0   Zero   RW         5000    .bss                fds.o
    0x20002d0c        -       0x000000a0   Zero   RW         5937    .bss                nrf_fstorage_sd.o
    0x20002dac        -       0x0000000c   Zero   RW         6139    .bss                nrf_pwr_mgmt.o
    0x20002db8        -       0x00000040   Zero   RW         6370    .bss                nrf_log_backend_uart.o
    0x20002df8        -       0x000004e4   Zero   RW         6506    .bss                nrf_log_frontend.o
    0x200032dc        -       0x00000288   Zero   RW         6770    .bss                segger_rtt.o
    0x20003564   COMPRESSED   0x00000004   PAD
    0x20003568        -       0x00000800   Zero   RW         7306    STACK               arm_startup_nrf52.o


==============================================================================

Image component sizes


      Code (inc. data)   RO Data    RW Data    ZI Data      Debug   Object Name

       600         80          7         32         32      13630   app_button.o
       136          4          0          0         32       3542   app_error.o
        26          0          0          0          0        620   app_error_handler_keil.o
       424        190          0          0          0       4990   app_error_weak.o
         0          0          0          0          0      37150   app_scheduler.o
      2068        242          6         20        268      55603   app_timer.o
       200         24          0          0         12      10838   app_util_platform.o
        36          8        512          0       2048        976   arm_startup_nrf52.o
      1742          0          0          0          0      56676   ble_advdata.o
      1474          6          0          0          0      18960   ble_advertising.o
       936         56          8          8         80      12675   ble_conn_params.o
       814        130          8          0        120      15152   ble_conn_state.o
        30          0          0          0          0      39384   ble_srv_common.o
       488         38          4          0          0      21963   boards.o
      1606        124         20         21         96      16475   bsp.o
       420         16          8          8          0       6468   bsp_btn_ble.o
      4742        462         47         92        224      66531   fds.o
      1866        196        149         23          0      37772   gatt_cache_manager.o
       672         44         50         14          0      17533   gatts_cache_manager.o
      1080         34         32          4        216      18358   id_manager.o
      2692        656         40          8        632     198897   main.o
       374          0          0          0          0       7208   nrf_atfifo.o
       232          0          0          0          0       5260   nrf_atflags.o
       444          0          0          0          0      11036   nrf_atomic.o
       218          0          0          0          0       4091   nrf_balloc.o
      1176        264        205          4          0      39544   nrf_ble_gatt.o
       390          0          0          0          0       6645   nrf_ble_qwr.o
       252         42          0          9          0      18352   nrf_drv_uart.o
        70          0          0          0          0       3785   nrf_fprintf.o
      1018          6         16          0          0       6454   nrf_fprintf_format.o
      1144        418        194          4          0       8817   nrf_fstorage.o
      1118        118         94         32        160      20625   nrf_fstorage_sd.o
       242          0          0          0          0      11847   nrf_log_backend_serial.o
       354         60        127         22         64      22254   nrf_log_backend_uart.o
        36          4          0         12          0       3403   nrf_log_default_backends.o
      2184        130         64         24       1252      34605   nrf_log_frontend.o
       622        114        102         64          0       6552   nrf_log_str_formatter.o
       474          0          0          0          0      10207   nrf_memobj.o
       168         22         53         13         12      37555   nrf_pwr_mgmt.o
       934        208        104          7          0      42186   nrf_sdh.o
       860        292        468          5          0       6987   nrf_sdh_ble.o
       152         68         56          4          0       2968   nrf_sdh_soc.o
       112          0          0          0          0       3028   nrf_section_iter.o
        92         10       1319          0          0       2963   nrf_strerror.o
       132         10         14         12          0      37900   nrfx_clock.o
      1744        112         77          4         92      66305   nrfx_gpiote.o
       140         14         12         12          0       4960   nrfx_prs.o
      1618         54         59          4         44      39777   nrfx_uart.o
      1460         54         62          4         36      35613   nrfx_uarte.o
       272        142         16          0          0      30859   our_service.o
      1282         42         53         16          0      23591   peer_data_storage.o
      1420         68         41         12        200      24239   peer_database.o
       402         46          0          0         64      10511   peer_id.o
      1204        106         29         19         12      18028   peer_manager.o
       330          0          0          0          0       6947   pm_buffer.o
      1936        118        165          9         64      34408   security_dispatcher.o
      1326        126         28         28          0      52212   security_manager.o
       548         48          0          0        648      10075   segger_rtt.o
      1096          6         16          0          0       6721   segger_rtt_printf.o
      1372        142          0          4          0      35846   system_nrf52.o

    ----------------------------------------------------------------------
     51114       5154       4364        572       6412    1408557   Object Totals
         0          0         32          0          0          0   (incl. Generated)
       114          0         67         18          4          0   (incl. Padding)

    ----------------------------------------------------------------------

      Code (inc. data)   RO Data    RW Data    ZI Data      Debug   Library Member Name

        86          0          0          0          0          0   __dczerorl2.o
         8          4        133          0          0         68   ctype_o.o
         0          0          0          0          0          0   entry.o
         0          0          0          0          0          0   entry10a.o
         0          0          0          0          0          0   entry11a.o
         8          4          0          0          0          0   entry2.o
         4          0          0          0          0          0   entry5.o
         0          0          0          0          0          0   entry7b.o
         0          0          0          0          0          0   entry8b.o
         8          4          0          0          0          0   entry9a.o
        30          0          0          0          0          0   handlers.o
        36          8          0          0          0         68   init.o
        30          0          0          0          0         68   llshl.o
        32          0          0          0          0         68   llushr.o
        26          0          0          0          0         80   memcmp.o
        36          0          0          0          0         68   memcpya.o
        36          0          0          0          0        108   memseta.o
        18          0          0          0          0         68   strcpy.o
        14          0          0          0          0         68   strlen.o
        98          0          0          0          0         92   uldiv.o

    ----------------------------------------------------------------------
       474         20        136          0          0        756   Library Totals
         4          0          3          0          0          0   (incl. Padding)

    ----------------------------------------------------------------------

      Code (inc. data)   RO Data    RW Data    ZI Data      Debug   Library Name

       470         20        133          0          0        756   mc_w.l

    ----------------------------------------------------------------------
       474         20        136          0          0        756   Library Totals

    ----------------------------------------------------------------------

==============================================================================


      Code (inc. data)   RO Data    RW Data    ZI Data      Debug   

     51588       5174       4500        572       6412    1341737   Grand Totals
     51588       5174       4500        100       6412    1341737   ELF Image Totals (compressed)
     51588       5174       4500        100          0          0   ROM Totals

==============================================================================

    Total RO  Size (Code + RO Data)                56088 (  54.77kB)
    Total RW  Size (RW Data + ZI Data)              6984 (   6.82kB)
    Total ROM Size (Code + RO Data + RW Data)      56188 (  54.87kB)

==============================================================================

